\BOOKMARK [1][-]{section.1}{\376\377\000I\000n\000t\000r\000o\000d\000u\000c\000t\000i\000o\000n}{}% 1
\BOOKMARK [1][-]{section.2}{\376\377\000R\000e\000l\000a\000t\000e\000d\000\040\000W\000o\000r\000k}{}% 2
\BOOKMARK [2][-]{subsection.2.1}{\376\377\000S\000o\000f\000t\000w\000a\000r\000e\000\040\000C\000o\000n\000f\000i\000g\000u\000r\000a\000t\000i\000o\000n\000\040\000M\000a\000n\000a\000g\000e\000m\000e\000n\000t}{section.2}% 3
\BOOKMARK [2][-]{subsection.2.2}{\376\377\000A\000I\000\040\000G\000o\000v\000e\000r\000n\000a\000n\000c\000e}{section.2}% 4
\BOOKMARK [3][-]{subsubsection.2.2.1}{\376\377\000G\000o\000v\000e\000r\000n\000a\000n\000c\000e\000\040\000F\000r\000a\000m\000e\000w\000o\000r\000k\000s}{subsection.2.2}% 5
\BOOKMARK [3][-]{subsubsection.2.2.2}{\376\377\000P\000r\000o\000v\000e\000n\000a\000n\000c\000e\000\040\000a\000n\000d\000\040\000S\000o\000f\000t\000w\000a\000r\000e\000\040\000S\000u\000p\000p\000l\000y\000\040\000C\000h\000a\000i\000n}{subsection.2.2}% 6
\BOOKMARK [3][-]{subsubsection.2.2.3}{\376\377\000G\000o\000v\000e\000r\000n\000a\000n\000c\000e\000\040\000o\000f\000\040\000A\000g\000e\000n\000t\000i\000c\000\040\000S\000y\000s\000t\000e\000m\000s}{subsection.2.2}% 7
\BOOKMARK [2][-]{subsection.2.3}{\376\377\000L\000L\000M\000O\000p\000s\000\040\000a\000n\000d\000\040\000A\000g\000e\000n\000t\000O\000p\000s}{section.2}% 8
\BOOKMARK [2][-]{subsection.2.4}{\376\377\000A\000g\000e\000n\000t\000i\000c\000\040\000F\000r\000a\000m\000e\000w\000o\000r\000k\000s}{section.2}% 9
\BOOKMARK [2][-]{subsection.2.5}{\376\377\000G\000a\000p\000\040\000A\000n\000a\000l\000y\000s\000i\000s}{section.2}% 10
\BOOKMARK [1][-]{section.3}{\376\377\000D\000e\000s\000i\000g\000n\000\040\000P\000r\000i\000n\000c\000i\000p\000l\000e\000s}{}% 11
\BOOKMARK [1][-]{section.4}{\376\377\000A\000C\000M\000\040\000R\000e\000f\000e\000r\000e\000n\000c\000e\000\040\000M\000o\000d\000e\000l}{}% 12
\BOOKMARK [2][-]{subsection.4.1}{\376\377\000C\000o\000n\000c\000e\000p\000t\000u\000a\000l\000\040\000O\000v\000e\000r\000v\000i\000e\000w}{section.4}% 13
\BOOKMARK [2][-]{subsection.4.2}{\376\377\000A\000g\000e\000n\000t\000i\000c\000\040\000C\000o\000n\000f\000i\000g\000u\000r\000a\000t\000i\000o\000n\000\040\000I\000t\000e\000m}{section.4}% 14
\BOOKMARK [2][-]{subsection.4.3}{\376\377\000A\000C\000I\000\040\000R\000e\000p\000r\000e\000s\000e\000n\000t\000a\000t\000i\000o\000n}{section.4}% 15
\BOOKMARK [2][-]{subsection.4.4}{\376\377\000R\000e\000l\000a\000t\000i\000o\000n\000s\000h\000i\000p\000\040\000M\000o\000d\000e\000l}{section.4}% 16
\BOOKMARK [2][-]{subsection.4.5}{\376\377\000R\000e\000l\000e\000a\000s\000e\000\040\000B\000a\000s\000e\000l\000i\000n\000e\000s}{section.4}% 17
\BOOKMARK [1][-]{section.5}{\376\377\000G\000o\000v\000e\000r\000n\000a\000n\000c\000e\000\040\000S\000e\000m\000a\000n\000t\000i\000c\000s}{}% 18
\BOOKMARK [2][-]{subsection.5.1}{\376\377\000G\000o\000v\000e\000r\000n\000a\000n\000c\000e\000\040\000L\000i\000f\000e\000c\000y\000c\000l\000e}{section.5}% 19
\BOOKMARK [3][-]{subsubsection.5.1.1}{\376\377\000L\000i\000f\000e\000c\000y\000c\000l\000e\000\040\000I\000n\000v\000a\000r\000i\000a\000n\000t\000s}{subsection.5.1}% 20
\BOOKMARK [3][-]{subsubsection.5.1.2}{\376\377\000L\000i\000f\000e\000c\000y\000c\000l\000e\000\040\000S\000e\000m\000a\000n\000t\000i\000c\000s}{subsection.5.1}% 21
\BOOKMARK [3][-]{subsubsection.5.1.3}{\376\377\000L\000i\000f\000e\000c\000y\000c\000l\000e\000\040\000T\000r\000a\000n\000s\000i\000t\000i\000o\000n\000\040\000M\000a\000t\000r\000i\000x}{subsection.5.1}% 22
\BOOKMARK [2][-]{subsection.5.2}{\376\377\000G\000o\000v\000e\000r\000n\000a\000n\000c\000e\000\040\000S\000t\000a\000t\000e\000\040\000M\000a\000c\000h\000i\000n\000e\000s}{section.5}% 23
\BOOKMARK [3][-]{subsubsection.5.2.1}{\376\377\000G\000o\000v\000e\000r\000n\000a\000n\000c\000e\000\040\000Q\000u\000a\000l\000i\000t\000y\000\040\000S\000t\000a\000t\000e\000\040\000M\000a\000c\000h\000i\000n\000e}{subsection.5.2}% 24
\BOOKMARK [3][-]{subsubsection.5.2.2}{\376\377\000I\000m\000p\000a\000c\000t\000\040\000S\000t\000a\000t\000e\000\040\000M\000a\000c\000h\000i\000n\000e}{subsection.5.2}% 25
\BOOKMARK [3][-]{subsubsection.5.2.3}{\376\377\000A\000s\000s\000u\000r\000a\000n\000c\000e\000\040\000S\000t\000a\000t\000e\000\040\000M\000a\000c\000h\000i\000n\000e}{subsection.5.2}% 26
\BOOKMARK [3][-]{subsubsection.5.2.4}{\376\377\000E\000x\000e\000c\000u\000t\000i\000o\000n\000\040\000E\000l\000i\000g\000i\000b\000i\000l\000i\000t\000y\000\040\000S\000t\000a\000t\000e\000\040\000M\000a\000c\000h\000i\000n\000e}{subsection.5.2}% 27
\BOOKMARK [3][-]{subsubsection.5.2.5}{\376\377\000G\000l\000o\000b\000a\000l\000\040\000G\000o\000v\000e\000r\000n\000a\000n\000c\000e\000\040\000V\000e\000c\000t\000o\000r}{subsection.5.2}% 28
\BOOKMARK [3][-]{subsubsection.5.2.6}{\376\377\000U\000n\000i\000f\000i\000e\000d\000\040\000G\000o\000v\000e\000r\000n\000a\000n\000c\000e\000\040\000S\000t\000a\000t\000e\000\040\000D\000i\000a\000g\000r\000a\000m}{subsection.5.2}% 29
\BOOKMARK [3][-]{subsubsection.5.2.7}{\376\377\000T\000r\000a\000n\000s\000i\000t\000i\000o\000n\000\040\000P\000r\000o\000p\000e\000r\000t\000i\000e\000s}{subsection.5.2}% 30
\BOOKMARK [2][-]{subsection.5.3}{\376\377\000I\000m\000p\000a\000c\000t\000\040\000P\000r\000o\000p\000a\000g\000a\000t\000i\000o\000n}{section.5}% 31
\BOOKMARK [3][-]{subsubsection.5.3.1}{\376\377\000P\000r\000o\000p\000a\000g\000a\000t\000i\000o\000n\000\040\000I\000n\000v\000a\000r\000i\000a\000n\000t\000s}{subsection.5.3}% 32
\BOOKMARK [3][-]{subsubsection.5.3.2}{\376\377\000D\000e\000p\000e\000n\000d\000e\000n\000c\000y\000\040\000C\000a\000t\000e\000g\000o\000r\000i\000e\000s}{subsection.5.3}% 33
\BOOKMARK [3][-]{subsubsection.5.3.3}{\376\377\000C\000o\000m\000p\000l\000e\000x\000i\000t\000y}{subsection.5.3}% 34
\BOOKMARK [3][-]{subsubsection.5.3.4}{\376\377\000I\000l\000l\000u\000s\000t\000r\000a\000t\000i\000v\000e\000\040\000E\000x\000a\000m\000p\000l\000e}{subsection.5.3}% 35
\BOOKMARK [3][-]{subsubsection.5.3.5}{\376\377\000I\000m\000p\000a\000c\000t\000\040\000P\000r\000o\000p\000a\000g\000a\000t\000i\000o\000n\000\040\000S\000u\000m\000m\000a\000r\000y}{subsection.5.3}% 36
\BOOKMARK [2][-]{subsection.5.4}{\376\377\000E\000l\000i\000g\000i\000b\000i\000l\000i\000t\000y\000\040\000S\000e\000m\000a\000n\000t\000i\000c\000s}{section.5}% 37
\BOOKMARK [3][-]{subsubsection.5.4.1}{\376\377\000E\000l\000i\000g\000i\000b\000i\000l\000i\000t\000y\000\040\000F\000u\000n\000c\000t\000i\000o\000n}{subsection.5.4}% 38
\BOOKMARK [3][-]{subsubsection.5.4.2}{\376\377\000D\000i\000s\000c\000u\000s\000s\000i\000o\000n}{subsection.5.4}% 39
\BOOKMARK [2][-]{subsection.5.5}{\376\377\000A\000s\000s\000u\000r\000a\000n\000c\000e\000\040\000S\000e\000m\000a\000n\000t\000i\000c\000s}{section.5}% 40
\BOOKMARK [3][-]{subsubsection.5.5.1}{\376\377\000A\000s\000s\000u\000r\000a\000n\000c\000e\000\040\000S\000t\000a\000t\000e\000\040\000S\000p\000a\000c\000e}{subsection.5.5}% 41
\BOOKMARK [3][-]{subsubsection.5.5.2}{\376\377\000A\000p\000p\000l\000i\000c\000a\000b\000l\000e\000\040\000E\000v\000i\000d\000e\000n\000c\000e}{subsection.5.5}% 42
\BOOKMARK [3][-]{subsubsection.5.5.3}{\376\377\000D\000i\000s\000c\000u\000s\000s\000i\000o\000n}{subsection.5.5}% 43
\BOOKMARK [2][-]{subsection.5.6}{\376\377\000G\000o\000v\000e\000r\000n\000a\000n\000c\000e\000\040\000S\000t\000a\000t\000e\000\040\000P\000r\000o\000p\000a\000g\000a\000t\000i\000o\000n}{section.5}% 44
\BOOKMARK [3][-]{subsubsection.5.6.1}{\376\377\000C\000o\000n\000f\000i\000g\000u\000r\000a\000t\000i\000o\000n\000\040\000G\000r\000a\000p\000h}{subsection.5.6}% 45
\BOOKMARK [3][-]{subsubsection.5.6.2}{\376\377\000R\000e\000l\000a\000t\000i\000o\000n\000s\000h\000i\000p\000\040\000S\000e\000m\000a\000n\000t\000i\000c\000s}{subsection.5.6}% 46
\BOOKMARK [3][-]{subsubsection.5.6.3}{\376\377\000P\000r\000o\000p\000a\000g\000a\000t\000i\000o\000n\000\040\000A\000l\000g\000o\000r\000i\000t\000h\000m}{subsection.5.6}% 47
\BOOKMARK [3][-]{subsubsection.5.6.4}{\376\377\000F\000i\000x\000e\000d\000-\000P\000o\000i\000n\000t\000\040\000S\000e\000m\000a\000n\000t\000i\000c\000s\000\040\000o\000f\000\040\000G\000o\000v\000e\000r\000n\000a\000n\000c\000e\000\040\000P\000r\000o\000p\000a\000g\000a\000t\000i\000o\000n}{subsection.5.6}% 48
\BOOKMARK [3][-]{subsubsection.5.6.5}{\376\377\000I\000l\000l\000u\000s\000t\000r\000a\000t\000i\000v\000e\000\040\000E\000x\000a\000m\000p\000l\000e}{subsection.5.6}% 49
\BOOKMARK [2][-]{subsection.5.7}{\376\377\000R\000u\000n\000t\000i\000m\000e\000\040\000S\000e\000m\000a\000n\000t\000i\000c\000s}{section.5}% 50
\BOOKMARK [3][-]{subsubsection.5.7.1}{\376\377\000F\000r\000a\000m\000e\000w\000o\000r\000k\000-\000i\000n\000d\000e\000p\000e\000n\000d\000e\000n\000t\000\040\000R\000u\000n\000t\000i\000m\000e\000\040\000N\000o\000r\000m\000a\000l\000i\000z\000a\000t\000i\000o\000n}{subsection.5.7}% 51
\BOOKMARK [3][-]{subsubsection.5.7.2}{\376\377\000R\000u\000n\000t\000i\000m\000e\000\040\000I\000n\000v\000a\000r\000i\000a\000n\000t\000s}{subsection.5.7}% 52
\BOOKMARK [2][-]{subsection.5.8}{\376\377\000D\000y\000n\000a\000m\000i\000c\000\040\000A\000g\000e\000n\000t\000\040\000S\000e\000m\000a\000n\000t\000i\000c\000s}{section.5}% 53
\BOOKMARK [3][-]{subsubsection.5.8.1}{\376\377\000C\000o\000n\000f\000i\000g\000u\000r\000a\000t\000i\000o\000n\000\040\000O\000v\000e\000r\000r\000i\000d\000e\000s}{subsection.5.8}% 54
\BOOKMARK [3][-]{subsubsection.5.8.2}{\376\377\000G\000o\000v\000e\000r\000n\000a\000n\000c\000e\000\040\000C\000o\000n\000s\000t\000r\000a\000i\000n\000t\000s}{subsection.5.8}% 55
\BOOKMARK [3][-]{subsubsection.5.8.3}{\376\377\000D\000i\000s\000c\000u\000s\000s\000i\000o\000n}{subsection.5.8}% 56
\BOOKMARK [2][-]{subsection.5.9}{\376\377\000G\000o\000v\000e\000r\000n\000a\000n\000c\000e\000\040\000S\000e\000m\000a\000n\000t\000i\000c\000s\000\040\000S\000u\000m\000m\000a\000r\000y}{section.5}% 57
\BOOKMARK [1][-]{section.6}{\376\377\000O\000p\000e\000r\000a\000t\000i\000o\000n\000a\000l\000i\000z\000a\000t\000i\000o\000n}{}% 58
\BOOKMARK [2][-]{subsection.6.1}{\376\377\000R\000e\000f\000e\000r\000e\000n\000c\000e\000\040\000A\000r\000c\000h\000i\000t\000e\000c\000t\000u\000r\000e}{section.6}% 59
\BOOKMARK [2][-]{subsection.6.2}{\376\377\000P\000r\000o\000j\000e\000c\000t\000i\000o\000n\000\040\000P\000i\000p\000e\000l\000i\000n\000e}{section.6}% 60
\BOOKMARK [3][-]{subsubsection.6.2.1}{\376\377\000F\000r\000a\000m\000e\000w\000o\000r\000k\000-\000s\000p\000e\000c\000i\000f\000i\000c\000\040\000I\000n\000s\000t\000a\000n\000t\000i\000a\000t\000i\000o\000n\000s}{subsection.6.2}% 61
\BOOKMARK [2][-]{subsection.6.3}{\376\377\000F\000r\000a\000m\000e\000w\000o\000r\000k\000\040\000A\000d\000a\000p\000t\000e\000r\000s}{section.6}% 62
\BOOKMARK [3][-]{subsubsection.6.3.1}{\376\377\000L\000a\000n\000g\000G\000r\000a\000p\000h\000\040\000P\000r\000o\000j\000e\000c\000t\000i\000o\000n}{subsection.6.3}% 63
\BOOKMARK [3][-]{subsubsection.6.3.2}{\376\377\000C\000r\000e\000w\000A\000I\000\040\000P\000r\000o\000j\000e\000c\000t\000i\000o\000n}{subsection.6.3}% 64
\BOOKMARK [3][-]{subsubsection.6.3.3}{\376\377\000C\000o\000m\000p\000a\000r\000a\000t\000i\000v\000e\000\040\000A\000n\000a\000l\000y\000s\000i\000s}{subsection.6.3}% 65
\BOOKMARK [2][-]{subsection.6.4}{\376\377\000G\000o\000v\000e\000r\000n\000a\000n\000c\000e\000\040\000P\000r\000o\000c\000e\000s\000s\000i\000n\000g}{section.6}% 66
\BOOKMARK [3][-]{subsubsection.6.4.1}{\376\377\000P\000r\000o\000c\000e\000s\000s\000i\000n\000g\000\040\000S\000t\000a\000g\000e\000\040\0001\000:\000\040\000S\000e\000m\000a\000n\000t\000i\000c\000\040\000P\000r\000o\000j\000e\000c\000t\000i\000o\000n}{subsection.6.4}% 67
\BOOKMARK [3][-]{subsubsection.6.4.2}{\376\377\000P\000r\000o\000c\000e\000s\000s\000i\000n\000g\000\040\000S\000t\000a\000g\000e\000\040\0002\000:\000\040\000C\000o\000n\000f\000i\000g\000u\000r\000a\000t\000i\000o\000n\000\040\000V\000a\000l\000i\000d\000a\000t\000i\000o\000n}{subsection.6.4}% 68
\BOOKMARK [3][-]{subsubsection.6.4.3}{\376\377\000P\000r\000o\000c\000e\000s\000s\000i\000n\000g\000\040\000S\000t\000a\000g\000e\000\040\0003\000:\000\040\000G\000o\000v\000e\000r\000n\000a\000n\000c\000e\000\040\000S\000t\000a\000t\000e\000\040\000C\000o\000m\000p\000u\000t\000a\000t\000i\000o\000n}{subsection.6.4}% 69
\BOOKMARK [3][-]{subsubsection.6.4.4}{\376\377\000P\000r\000o\000c\000e\000s\000s\000i\000n\000g\000\040\000S\000t\000a\000g\000e\000\040\0004\000:\000\040\000R\000u\000n\000t\000i\000m\000e\000\040\000I\000n\000t\000e\000g\000r\000a\000t\000i\000o\000n}{subsection.6.4}% 70
\BOOKMARK [2][-]{subsection.6.5}{\376\377\000R\000e\000f\000e\000r\000e\000n\000c\000e\000\040\000I\000m\000p\000l\000e\000m\000e\000n\000t\000a\000t\000i\000o\000n}{section.6}% 71
\BOOKMARK [1][-]{section.7}{\376\377\000E\000v\000a\000l\000u\000a\000t\000i\000o\000n}{}% 72
\BOOKMARK [2][-]{subsection.7.1}{\376\377\000E\000v\000a\000l\000u\000a\000t\000i\000o\000n\000\040\000O\000b\000j\000e\000c\000t\000i\000v\000e\000s}{section.7}% 73
\BOOKMARK [2][-]{subsection.7.2}{\376\377\000E\000x\000p\000e\000r\000i\000m\000e\000n\000t\000a\000l\000\040\000M\000e\000t\000h\000o\000d\000o\000l\000o\000g\000y}{section.7}% 74
\BOOKMARK [2][-]{subsection.7.3}{\376\377\000E\000v\000a\000l\000u\000a\000t\000i\000o\000n\000\040\000R\000e\000s\000u\000l\000t\000s}{section.7}% 75
\BOOKMARK [3][-]{subsubsection.7.3.1}{\376\377\000M\000o\000d\000e\000l\000\040\000E\000x\000p\000r\000e\000s\000s\000i\000v\000e\000n\000e\000s\000s}{subsection.7.3}% 76
\BOOKMARK [3][-]{subsubsection.7.3.2}{\376\377\000G\000o\000v\000e\000r\000n\000a\000n\000c\000e\000\040\000S\000e\000m\000a\000n\000t\000i\000c\000s\000\040\000P\000r\000e\000s\000e\000r\000v\000a\000t\000i\000o\000n}{subsection.7.3}% 77
\BOOKMARK [3][-]{subsubsection.7.3.3}{\376\377\000O\000p\000e\000r\000a\000t\000i\000o\000n\000a\000l\000\040\000R\000e\000s\000u\000l\000t\000s}{subsection.7.3}% 78
\BOOKMARK [2][-]{subsection.7.4}{\376\377\000D\000i\000s\000c\000u\000s\000s\000i\000o\000n\000\040\000o\000f\000\040\000R\000e\000s\000u\000l\000t\000s}{section.7}% 79
\BOOKMARK [1][-]{section.8}{\376\377\000D\000i\000s\000c\000u\000s\000s\000i\000o\000n}{}% 80
\BOOKMARK [2][-]{subsection.8.1}{\376\377\000P\000o\000s\000i\000t\000i\000o\000n\000i\000n\000g\000\040\000w\000i\000t\000h\000\040\000R\000e\000s\000p\000e\000c\000t\000\040\000t\000o\000\040\000E\000x\000i\000s\000t\000i\000n\000g\000\040\000A\000g\000e\000n\000t\000i\000c\000\040\000F\000r\000a\000m\000e\000w\000o\000r\000k\000s}{section.8}% 81
\BOOKMARK [2][-]{subsection.8.2}{\376\377\000C\000o\000n\000t\000r\000i\000b\000u\000t\000i\000o\000n\000s\000\040\000t\000o\000\040\000A\000g\000e\000n\000t\000i\000c\000\040\000C\000o\000n\000f\000i\000g\000u\000r\000a\000t\000i\000o\000n\000\040\000G\000o\000v\000e\000r\000n\000a\000n\000c\000e}{section.8}% 82
\BOOKMARK [3][-]{subsubsection.8.2.1}{\376\377\000A\000\040\000F\000r\000a\000m\000e\000w\000o\000r\000k\000-\000I\000n\000d\000e\000p\000e\000n\000d\000e\000n\000t\000\040\000G\000o\000v\000e\000r\000n\000a\000n\000c\000e\000\040\000R\000e\000p\000r\000e\000s\000e\000n\000t\000a\000t\000i\000o\000n}{subsection.8.2}% 83
\BOOKMARK [3][-]{subsubsection.8.2.2}{\376\377\000F\000o\000r\000m\000a\000l\000\040\000G\000o\000v\000e\000r\000n\000a\000n\000c\000e\000\040\000S\000e\000m\000a\000n\000t\000i\000c\000s}{subsection.8.2}% 84
\BOOKMARK [3][-]{subsubsection.8.2.3}{\376\377\000F\000r\000a\000m\000e\000w\000o\000r\000k\000-\000I\000n\000d\000e\000p\000e\000n\000d\000e\000n\000t\000\040\000S\000e\000m\000a\000n\000t\000i\000c\000\040\000P\000r\000o\000j\000e\000c\000t\000i\000o\000n}{subsection.8.2}% 85
\BOOKMARK [3][-]{subsubsection.8.2.4}{\376\377\000R\000e\000f\000e\000r\000e\000n\000c\000e\000\040\000O\000p\000e\000r\000a\000t\000i\000o\000n\000a\000l\000i\000z\000a\000t\000i\000o\000n\000\040\000a\000n\000d\000\040\000E\000v\000a\000l\000u\000a\000t\000i\000o\000n}{subsection.8.2}% 86
\BOOKMARK [2][-]{subsection.8.3}{\376\377\000P\000r\000a\000c\000t\000i\000c\000a\000l\000\040\000I\000m\000p\000l\000i\000c\000a\000t\000i\000o\000n\000s}{section.8}% 87
\BOOKMARK [2][-]{subsection.8.4}{\376\377\000L\000i\000m\000i\000t\000a\000t\000i\000o\000n\000s\000\040\000o\000f\000\040\000t\000h\000e\000\040\000C\000u\000r\000r\000e\000n\000t\000\040\000R\000e\000f\000e\000r\000e\000n\000c\000e\000\040\000M\000o\000d\000e\000l}{section.8}% 88
\BOOKMARK [2][-]{subsection.8.5}{\376\377\000S\000e\000c\000t\000i\000o\000n\000\040\000S\000u\000m\000m\000a\000r\000y}{section.8}% 89
\BOOKMARK [1][-]{section.9}{\376\377\000T\000h\000r\000e\000a\000t\000s\000\040\000t\000o\000\040\000V\000a\000l\000i\000d\000i\000t\000y}{}% 90
\BOOKMARK [2][-]{subsection.9.1}{\376\377\000V\000a\000l\000i\000d\000i\000t\000y\000\040\000o\000f\000\040\000t\000h\000e\000\040\000R\000e\000f\000e\000r\000e\000n\000c\000e\000\040\000M\000o\000d\000e\000l}{section.9}% 91
\BOOKMARK [2][-]{subsection.9.2}{\376\377\000V\000a\000l\000i\000d\000i\000t\000y\000\040\000o\000f\000\040\000t\000h\000e\000\040\000F\000o\000r\000m\000a\000l\000\040\000S\000e\000m\000a\000n\000t\000i\000c\000s}{section.9}% 92
\BOOKMARK [2][-]{subsection.9.3}{\376\377\000G\000e\000n\000e\000r\000a\000l\000i\000z\000a\000b\000i\000l\000i\000t\000y}{section.9}% 93
\BOOKMARK [2][-]{subsection.9.4}{\376\377\000R\000e\000p\000r\000o\000d\000u\000c\000i\000b\000i\000l\000i\000t\000y\000\040\000a\000n\000d\000\040\000R\000e\000p\000l\000i\000c\000a\000b\000i\000l\000i\000t\000y}{section.9}% 94
\BOOKMARK [2][-]{subsection.9.5}{\376\377\000M\000i\000t\000i\000g\000a\000t\000i\000o\000n\000\040\000S\000t\000r\000a\000t\000e\000g\000i\000e\000s}{section.9}% 95
\BOOKMARK [2][-]{subsection.9.6}{\376\377\000S\000e\000c\000t\000i\000o\000n\000\040\000S\000u\000m\000m\000a\000r\000y}{section.9}% 96
\BOOKMARK [1][-]{section.10}{\376\377\000F\000u\000t\000u\000r\000e\000\040\000W\000o\000r\000k}{}% 97
\BOOKMARK [2][-]{subsection.10.1}{\376\377\000E\000x\000t\000e\000n\000s\000i\000o\000n\000\040\000o\000f\000\040\000t\000h\000e\000\040\000R\000e\000f\000e\000r\000e\000n\000c\000e\000\040\000M\000o\000d\000e\000l}{section.10}% 98
\BOOKMARK [2][-]{subsection.10.2}{\376\377\000B\000r\000o\000a\000d\000e\000r\000\040\000F\000r\000a\000m\000e\000w\000o\000r\000k\000\040\000V\000a\000l\000i\000d\000a\000t\000i\000o\000n}{section.10}% 99
\BOOKMARK [2][-]{subsection.10.3}{\376\377\000F\000o\000r\000m\000a\000l\000\040\000V\000e\000r\000i\000f\000i\000c\000a\000t\000i\000o\000n\000\040\000o\000f\000\040\000G\000o\000v\000e\000r\000n\000a\000n\000c\000e\000\040\000S\000e\000m\000a\000n\000t\000i\000c\000s}{section.10}% 100
\BOOKMARK [2][-]{subsection.10.4}{\376\377\000T\000o\000w\000a\000r\000d\000\040\000a\000n\000\040\000A\000g\000e\000n\000t\000i\000c\000\040\000C\000o\000n\000f\000i\000g\000u\000r\000a\000t\000i\000o\000n\000\040\000E\000c\000o\000s\000y\000s\000t\000e\000m}{section.10}% 101
\BOOKMARK [2][-]{subsection.10.5}{\376\377\000S\000t\000a\000n\000d\000a\000r\000d\000i\000z\000a\000t\000i\000o\000n\000\040\000P\000e\000r\000s\000p\000e\000c\000t\000i\000v\000e\000s}{section.10}% 102
\BOOKMARK [1][-]{section.11}{\376\377\000C\000o\000n\000c\000l\000u\000s\000i\000o\000n}{}% 103
\BOOKMARK [1][-]{appendix.a.A}{\376\377\000A\000p\000p\000e\000n\000d\000i\000x}{}% 104
\BOOKMARK [2][-]{subsection.a.A.1}{\376\377\000R\000e\000l\000a\000t\000e\000d\000\040\000W\000o\000r\000k}{appendix.a.A}% 105
\BOOKMARK [3][-]{subsubsection.a.A.1.1}{\376\377\000F\000r\000a\000m\000e\000w\000o\000r\000k\000\040\000C\000o\000m\000p\000a\000r\000i\000s\000o\000n}{subsection.a.A.1}% 106
\BOOKMARK [3][-]{subsubsection.a.A.1.2}{\376\377\000G\000a\000p\000\040\000A\000n\000a\000l\000y\000s\000i\000s}{subsection.a.A.1}% 107
\BOOKMARK [2][-]{subsection.a.A.2}{\376\377\000G\000o\000v\000e\000r\000n\000a\000n\000c\000e\000\040\000S\000e\000m\000a\000n\000t\000i\000c\000s}{appendix.a.A}% 108
\BOOKMARK [3][-]{subsubsection.a.A.2.1}{\376\377\000O\000r\000t\000h\000o\000g\000o\000n\000a\000l\000i\000t\000y\000\040\000o\000f\000\040\000G\000o\000v\000e\000r\000n\000a\000n\000c\000e\000\040\000S\000t\000a\000t\000e\000\040\000M\000a\000c\000h\000i\000n\000e\000s}{subsection.a.A.2}% 109
\BOOKMARK [3][-]{subsubsection.a.A.2.2}{\376\377\000I\000m\000p\000a\000c\000t\000\040\000P\000r\000o\000p\000a\000g\000a\000t\000i\000o\000n\000\040\000F\000o\000r\000m\000a\000l\000i\000s\000m}{subsection.a.A.2}% 110
\BOOKMARK [3][-]{subsubsection.a.A.2.3}{\376\377\000E\000l\000i\000g\000i\000b\000i\000l\000i\000t\000y\000\040\000S\000e\000m\000a\000n\000t\000i\000c\000s\000\040\000F\000o\000r\000m\000a\000l\000i\000s\000m}{subsection.a.A.2}% 111
\BOOKMARK [3][-]{subsubsection.a.A.2.4}{\376\377\000D\000e\000t\000e\000r\000m\000i\000n\000i\000s\000m}{subsection.a.A.2}% 112
\BOOKMARK [2][-]{subsection.a.A.3}{\376\377\000A\000s\000s\000u\000r\000a\000n\000c\000e\000\040\000S\000e\000m\000a\000n\000t\000i\000c\000s\000\040\000F\000o\000r\000m\000a\000l\000i\000s\000m}{appendix.a.A}% 113
\BOOKMARK [3][-]{subsubsection.a.A.3.1}{\376\377\000E\000v\000i\000d\000e\000n\000c\000e\000\040\000C\000o\000v\000e\000r\000a\000g\000e}{subsection.a.A.3}% 114
\BOOKMARK [3][-]{subsubsection.a.A.3.2}{\376\377\000C\000o\000m\000p\000o\000s\000i\000t\000e\000\040\000A\000s\000s\000u\000r\000a\000n\000c\000e}{subsection.a.A.3}% 115
\BOOKMARK [3][-]{subsubsection.a.A.3.3}{\376\377\000A\000s\000s\000u\000r\000a\000n\000c\000e\000\040\000I\000n\000v\000a\000r\000i\000a\000n\000t\000s}{subsection.a.A.3}% 116
\BOOKMARK [2][-]{subsection.a.A.4}{\376\377\000G\000o\000v\000e\000r\000n\000a\000n\000c\000e\000\040\000S\000t\000a\000t\000e\000\040\000P\000r\000o\000p\000a\000g\000a\000t\000i\000o\000n\000\040\000F\000o\000r\000m\000a\000l\000i\000s\000m}{appendix.a.A}% 117
\BOOKMARK [3][-]{subsubsection.a.A.4.1}{\376\377\000G\000o\000v\000e\000r\000n\000a\000n\000c\000e\000\040\000P\000r\000o\000p\000a\000g\000a\000t\000i\000o\000n\000\040\000P\000r\000i\000n\000c\000i\000p\000l\000e\000s}{subsection.a.A.4}% 118
\BOOKMARK [3][-]{subsubsection.a.A.4.2}{\376\377\000I\000m\000p\000a\000c\000t\000\040\000P\000r\000o\000p\000a\000g\000a\000t\000i\000o\000n}{subsection.a.A.4}% 119
\BOOKMARK [3][-]{subsubsection.a.A.4.3}{\376\377\000Q\000u\000a\000l\000i\000t\000y\000\040\000P\000r\000o\000p\000a\000g\000a\000t\000i\000o\000n}{subsection.a.A.4}% 120
\BOOKMARK [3][-]{subsubsection.a.A.4.4}{\376\377\000A\000s\000s\000u\000r\000a\000n\000c\000e\000\040\000P\000r\000o\000p\000a\000g\000a\000t\000i\000o\000n}{subsection.a.A.4}% 121
\BOOKMARK [3][-]{subsubsection.a.A.4.5}{\376\377\000E\000l\000i\000g\000i\000b\000i\000l\000i\000t\000y\000\040\000P\000r\000o\000p\000a\000g\000a\000t\000i\000o\000n}{subsection.a.A.4}% 122
\BOOKMARK [3][-]{subsubsection.a.A.4.6}{\376\377\000N\000o\000r\000m\000a\000t\000i\000v\000e\000\040\000I\000n\000v\000a\000r\000i\000a\000n\000t\000s}{subsection.a.A.4}% 123
\BOOKMARK [2][-]{subsection.a.A.5}{\376\377\000F\000o\000r\000m\000a\000l\000\040\000P\000r\000o\000p\000e\000r\000t\000i\000e\000s\000\040\000o\000f\000\040\000G\000o\000v\000e\000r\000n\000a\000n\000c\000e\000\040\000P\000r\000o\000p\000a\000g\000a\000t\000i\000o\000n}{appendix.a.A}% 124
\BOOKMARK [2][-]{subsection.a.A.6}{\376\377\000F\000i\000n\000i\000t\000e\000\040\000L\000a\000t\000t\000i\000c\000e\000\040\000S\000t\000r\000u\000c\000t\000u\000r\000e}{appendix.a.A}% 125
\BOOKMARK [2][-]{subsection.a.A.7}{\376\377\000P\000r\000o\000o\000f\000\040\000o\000f\000\040\000M\000o\000n\000o\000t\000o\000n\000i\000c\000i\000t\000y}{appendix.a.A}% 126
\BOOKMARK [2][-]{subsection.a.A.8}{\376\377\000P\000r\000o\000o\000f\000\040\000o\000f\000\040\000T\000e\000r\000m\000i\000n\000a\000t\000i\000o\000n}{appendix.a.A}% 127
\BOOKMARK [2][-]{subsection.a.A.9}{\376\377\000L\000e\000a\000s\000t\000\040\000F\000i\000x\000e\000d\000\040\000P\000o\000i\000n\000t}{appendix.a.A}% 128
\BOOKMARK [2][-]{subsection.a.A.10}{\376\377\000B\000o\000u\000n\000d\000\040\000o\000n\000\040\000t\000h\000e\000\040\000H\000e\000i\000g\000h\000t\000\040\000o\000f\000\040\000t\000h\000e\000\040\000P\000r\000o\000p\000a\000g\000a\000t\000i\000o\000n\000\040\000L\000a\000t\000t\000i\000c\000e}{appendix.a.A}% 129
\BOOKMARK [2][-]{subsection.a.A.11}{\376\377\000W\000o\000r\000k\000-\000L\000i\000s\000t\000\040\000E\000v\000a\000l\000u\000a\000t\000i\000o\000n}{appendix.a.A}% 130
\BOOKMARK [2][-]{subsection.a.A.12}{\376\377\000R\000u\000n\000t\000i\000m\000e\000\040\000S\000e\000m\000a\000n\000t\000i\000c\000s\000\040\000F\000o\000r\000m\000a\000l\000i\000s\000m}{appendix.a.A}% 131
\BOOKMARK [3][-]{subsubsection.a.A.12.1}{\376\377\000R\000u\000n\000t\000i\000m\000e\000\040\000G\000r\000a\000p\000h}{subsection.a.A.12}% 132
\BOOKMARK [3][-]{subsubsection.a.A.12.2}{\376\377\000R\000u\000n\000t\000i\000m\000e\000\040\000E\000v\000e\000n\000t\000s}{subsection.a.A.12}% 133
\BOOKMARK [3][-]{subsubsection.a.A.12.3}{\376\377\000D\000e\000t\000e\000r\000m\000i\000n\000i\000s\000t\000i\000c\000\040\000R\000e\000p\000l\000a\000y}{subsection.a.A.12}% 134
\BOOKMARK [2][-]{subsection.a.A.13}{\376\377\000D\000y\000n\000a\000m\000i\000c\000\040\000A\000g\000e\000n\000t\000\040\000F\000o\000r\000m\000a\000l\000i\000s\000m}{appendix.a.A}% 135
\BOOKMARK [3][-]{subsubsection.a.A.13.1}{\376\377\000D\000y\000n\000a\000m\000i\000c\000\040\000A\000g\000e\000n\000t\000\040\000C\000r\000e\000a\000t\000i\000o\000n}{subsection.a.A.13}% 136
\BOOKMARK [3][-]{subsubsection.a.A.13.2}{\376\377\000A\000g\000e\000n\000t\000\040\000D\000e\000f\000i\000n\000i\000t\000i\000o\000n\000s\000\040\000a\000n\000d\000\040\000R\000u\000n\000t\000i\000m\000e\000\040\000I\000n\000s\000t\000a\000n\000c\000e\000s}{subsection.a.A.13}% 137
\BOOKMARK [3][-]{subsubsection.a.A.13.3}{\376\377\000C\000o\000n\000f\000i\000g\000u\000r\000a\000t\000i\000o\000n\000\040\000O\000v\000e\000r\000r\000i\000d\000e\000s}{subsection.a.A.13}% 138
\BOOKMARK [3][-]{subsubsection.a.A.13.4}{\376\377\000D\000y\000n\000a\000m\000i\000c\000\040\000A\000g\000e\000n\000t\000\040\000I\000n\000v\000a\000r\000i\000a\000n\000t\000s}{subsection.a.A.13}% 139
\BOOKMARK [3][-]{subsubsection.a.A.13.5}{\376\377\000T\000r\000a\000c\000e\000a\000b\000i\000l\000i\000t\000y}{subsection.a.A.13}% 140
\BOOKMARK [2][-]{subsection.a.A.14}{\376\377\000O\000p\000e\000r\000a\000t\000i\000o\000n\000a\000l\000i\000z\000a\000t\000i\000o\000n\000:\000\040\000P\000r\000o\000j\000e\000c\000t\000i\000o\000n\000\040\000F\000o\000r\000m\000a\000l\000i\000s\000m}{appendix.a.A}% 141
\BOOKMARK [3][-]{subsubsection.a.A.14.1}{\376\377\000N\000a\000t\000i\000v\000e\000\040\000S\000t\000r\000u\000c\000t\000u\000r\000e\000\040\000E\000x\000t\000r\000a\000c\000t\000i\000o\000n}{subsection.a.A.14}% 142
\BOOKMARK [3][-]{subsubsection.a.A.14.2}{\376\377\000S\000e\000m\000a\000n\000t\000i\000c\000\040\000C\000l\000a\000s\000s\000i\000f\000i\000c\000a\000t\000i\000o\000n}{subsection.a.A.14}% 143
\BOOKMARK [3][-]{subsubsection.a.A.14.3}{\376\377\000C\000a\000n\000o\000n\000i\000c\000a\000l\000\040\000N\000o\000r\000m\000a\000l\000i\000z\000a\000t\000i\000o\000n}{subsection.a.A.14}% 144
\BOOKMARK [3][-]{subsubsection.a.A.14.4}{\376\377\000P\000r\000o\000j\000e\000c\000t\000i\000o\000n\000\040\000T\000r\000a\000c\000e\000a\000b\000i\000l\000i\000t\000y}{subsection.a.A.14}% 145
\BOOKMARK [3][-]{subsubsection.a.A.14.5}{\376\377\000P\000r\000o\000j\000e\000c\000t\000i\000o\000n\000\040\000C\000o\000v\000e\000r\000a\000g\000e}{subsection.a.A.14}% 146
\BOOKMARK [3][-]{subsubsection.a.A.14.6}{\376\377\000P\000r\000o\000j\000e\000c\000t\000i\000o\000n\000\040\000O\000u\000t\000c\000o\000m\000e\000s}{subsection.a.A.14}% 147
\BOOKMARK [3][-]{subsubsection.a.A.14.7}{\376\377\000P\000r\000o\000j\000e\000c\000t\000i\000o\000n\000\040\000V\000a\000l\000i\000d\000a\000t\000i\000o\000n}{subsection.a.A.14}% 148
\BOOKMARK [2][-]{subsection.a.A.15}{\376\377\000E\000v\000a\000l\000u\000a\000t\000i\000o\000n\000\040\000S\000e\000m\000a\000n\000t\000i\000c\000s}{appendix.a.A}% 149
\BOOKMARK [2][-]{subsection.a.A.16}{\376\377\000I\000m\000p\000l\000e\000m\000e\000n\000t\000e\000d\000\040\000E\000v\000a\000l\000u\000a\000t\000i\000o\000n\000\040\000S\000c\000e\000n\000a\000r\000i\000o\000s}{appendix.a.A}% 150
\BOOKMARK [3][-]{subsubsection.a.A.16.1}{\376\377\000C\000o\000n\000f\000i\000g\000u\000r\000a\000t\000i\000o\000n\000\040\000a\000n\000d\000\040\000B\000a\000s\000e\000l\000i\000n\000e\000\040\000I\000n\000t\000e\000g\000r\000i\000t\000y}{subsection.a.A.16}% 151
\BOOKMARK [3][-]{subsubsection.a.A.16.2}{\376\377\000P\000r\000o\000p\000a\000g\000a\000t\000i\000o\000n\000\040\000a\000n\000d\000\040\000A\000s\000s\000u\000r\000a\000n\000c\000e}{subsection.a.A.16}% 152
\BOOKMARK [3][-]{subsubsection.a.A.16.3}{\376\377\000R\000u\000n\000t\000i\000m\000e\000,\000\040\000R\000e\000p\000l\000a\000y\000\040\000a\000n\000d\000\040\000D\000r\000i\000f\000t}{subsection.a.A.16}% 153
\BOOKMARK [3][-]{subsubsection.a.A.16.4}{\376\377\000D\000y\000n\000a\000m\000i\000c\000\040\000A\000g\000e\000n\000t\000s}{subsection.a.A.16}% 154
\BOOKMARK [3][-]{subsubsection.a.A.16.5}{\376\377\000P\000o\000r\000t\000a\000b\000i\000l\000i\000t\000y\000\040\000a\000n\000d\000\040\000S\000c\000a\000l\000a\000b\000i\000l\000i\000t\000y}{subsection.a.A.16}% 155
\BOOKMARK [2][-]{subsection.a.A.17}{\376\377\000S\000c\000e\000n\000a\000r\000i\000o\000s\000\040\000S\000u\000m\000m\000a\000r\000y}{appendix.a.A}% 156
\BOOKMARK [2][-]{subsection.a.A.18}{\376\377\000E\000v\000a\000l\000u\000a\000t\000i\000o\000n\000\040\000R\000e\000p\000o\000r\000t\000\040\000E\000x\000a\000m\000p\000l\000e}{appendix.a.A}% 157
\BOOKMARK [3][-]{subsubsection.a.A.18.1}{\376\377\000R\000e\000p\000o\000r\000t\000\040\000S\000u\000m\000m\000a\000r\000y}{subsection.a.A.18}% 158
\BOOKMARK [3][-]{subsubsection.a.A.18.2}{\376\377\000R\000e\000s\000u\000l\000t\000s\000\040\000b\000y\000\040\000S\000c\000e\000n\000a\000r\000i\000o}{subsection.a.A.18}% 159
\BOOKMARK [3][-]{subsubsection.a.A.18.3}{\376\377\000D\000o\000c\000u\000m\000e\000n\000t\000e\000d\000\040\000D\000e\000v\000i\000a\000t\000i\000o\000n\000s\000\040\000\050\000p\000a\000s\000s\000\137\000w\000i\000t\000h\000\137\000d\000e\000v\000i\000a\000t\000i\000o\000n\000\051}{subsection.a.A.18}% 160
\BOOKMARK [3][-]{subsubsection.a.A.18.4}{\376\377\000P\000r\000o\000p\000a\000g\000a\000t\000i\000o\000n\000\040\000F\000i\000x\000t\000u\000r\000e\000\040\000M\000e\000t\000r\000i\000c\000s\000\040\000\050\000H\000a\000r\000n\000e\000s\000s\000\051}{subsection.a.A.18}% 161
\BOOKMARK [3][-]{subsubsection.a.A.18.5}{\376\377\000S\000t\000a\000t\000u\000s\000\040\000L\000e\000g\000e\000n\000d}{subsection.a.A.18}% 162
\BOOKMARK [2][-]{subsection.a.A.19}{\376\377\000I\000m\000p\000a\000c\000t\000\040\000R\000e\000p\000o\000r\000t\000\040\000E\000x\000a\000m\000p\000l\000e}{appendix.a.A}% 163
\BOOKMARK [3][-]{subsubsection.a.A.19.1}{\376\377\000C\000a\000s\000e\000\040\000S\000t\000u\000d\000y}{subsection.a.A.19}% 164
\BOOKMARK [3][-]{subsubsection.a.A.19.2}{\376\377\000R\000e\000s\000u\000l\000t\000s}{subsection.a.A.19}% 165
\BOOKMARK [3][-]{subsubsection.a.A.19.3}{\376\377\000T\000h\000e\000\040\000R\000i\000s\000k\000\040\000o\000f\000\040\000N\000a\000\357\000v\000e\000\040\000I\000n\000v\000e\000s\000t\000i\000g\000a\000t\000i\000o\000n}{subsection.a.A.19}% 166
\BOOKMARK [3][-]{subsubsection.a.A.19.4}{\376\377\000C\000r\000o\000s\000s\000-\000V\000a\000l\000i\000d\000a\000t\000i\000o\000n}{subsection.a.A.19}% 167
\BOOKMARK [2][-]{subsection.a.A.20}{\376\377\000P\000r\000e\000s\000e\000r\000v\000a\000t\000i\000o\000n\000\040\000R\000e\000p\000o\000r\000t\000\040\000E\000x\000a\000m\000p\000l\000e}{appendix.a.A}% 168
\BOOKMARK [3][-]{subsubsection.a.A.20.1}{\376\377\000S\000c\000o\000p\000e}{subsection.a.A.20}% 169
\BOOKMARK [3][-]{subsubsection.a.A.20.2}{\376\377\000L\000a\000n\000g\000G\000r\000a\000p\000h}{subsection.a.A.20}% 170
\BOOKMARK [3][-]{subsubsection.a.A.20.3}{\376\377\000C\000r\000e\000w\000A\000I\000\040\040\024\000\040\000T\000h\000r\000e\000e\000\040\000L\000e\000v\000e\000l\000s\000\040\000o\000f\000\040\000A\000b\000s\000t\000r\000a\000c\000t\000i\000o\000n}{subsection.a.A.20}% 171
\BOOKMARK [3][-]{subsubsection.a.A.20.4}{\376\377\000C\000r\000o\000s\000s\000-\000F\000r\000a\000m\000e\000w\000o\000r\000k\000\040\000P\000o\000r\000t\000a\000b\000i\000l\000i\000t\000y}{subsection.a.A.20}% 172
