\BOOKMARK [1][-]{section.1}{\376\377\000I\000n\000t\000r\000o\000d\000u\000c\000t\000i\000o\000n}{}% 1
\BOOKMARK [1][-]{section.2}{\376\377\000R\000e\000l\000a\000t\000e\000d\000\040\000W\000o\000r\000k}{}% 2
\BOOKMARK [2][-]{subsection.2.1}{\376\377\000S\000o\000f\000t\000w\000a\000r\000e\000\040\000C\000o\000n\000f\000i\000g\000u\000r\000a\000t\000i\000o\000n\000\040\000M\000a\000n\000a\000g\000e\000m\000e\000n\000t}{section.2}% 3
\BOOKMARK [2][-]{subsection.2.2}{\376\377\000A\000I\000\040\000G\000o\000v\000e\000r\000n\000a\000n\000c\000e}{section.2}% 4
\BOOKMARK [3][-]{subsubsection.2.2.1}{\376\377\000G\000o\000v\000e\000r\000n\000a\000n\000c\000e\000\040\000F\000r\000a\000m\000e\000w\000o\000r\000k\000s}{subsection.2.2}% 5
\BOOKMARK [3][-]{subsubsection.2.2.2}{\376\377\000P\000r\000o\000v\000e\000n\000a\000n\000c\000e\000\040\000a\000n\000d\000\040\000S\000o\000f\000t\000w\000a\000r\000e\000\040\000S\000u\000p\000p\000l\000y\000\040\000C\000h\000a\000i\000n}{subsection.2.2}% 6
\BOOKMARK [3][-]{subsubsection.2.2.3}{\376\377\000G\000o\000v\000e\000r\000n\000a\000n\000c\000e\000\040\000o\000f\000\040\000A\000g\000e\000n\000t\000i\000c\000\040\000S\000y\000s\000t\000e\000m\000s}{subsection.2.2}% 7
\BOOKMARK [2][-]{subsection.2.3}{\376\377\000L\000L\000M\000O\000p\000s\000\040\000a\000n\000d\000\040\000A\000g\000e\000n\000t\000O\000p\000s}{section.2}% 8
\BOOKMARK [2][-]{subsection.2.4}{\376\377\000A\000g\000e\000n\000t\000i\000c\000\040\000F\000r\000a\000m\000e\000w\000o\000r\000k\000s}{section.2}% 9
\BOOKMARK [2][-]{subsection.2.5}{\376\377\000G\000a\000p\000\040\000A\000n\000a\000l\000y\000s\000i\000s}{section.2}% 10
\BOOKMARK [1][-]{section.3}{\376\377\000D\000e\000s\000i\000g\000n\000\040\000P\000r\000i\000n\000c\000i\000p\000l\000e\000s}{}% 11
\BOOKMARK [1][-]{section.4}{\376\377\000A\000C\000M\000\040\000R\000e\000f\000e\000r\000e\000n\000c\000e\000\040\000M\000o\000d\000e\000l}{}% 12
\BOOKMARK [2][-]{subsection.4.1}{\376\377\000C\000o\000n\000c\000e\000p\000t\000u\000a\000l\000\040\000O\000v\000e\000r\000v\000i\000e\000w}{section.4}% 13
\BOOKMARK [2][-]{subsection.4.2}{\376\377\000A\000g\000e\000n\000t\000i\000c\000\040\000C\000o\000n\000f\000i\000g\000u\000r\000a\000t\000i\000o\000n\000\040\000I\000t\000e\000m}{section.4}% 14
\BOOKMARK [2][-]{subsection.4.3}{\376\377\000A\000C\000I\000\040\000R\000e\000p\000r\000e\000s\000e\000n\000t\000a\000t\000i\000o\000n}{section.4}% 15
\BOOKMARK [2][-]{subsection.4.4}{\376\377\000R\000e\000l\000a\000t\000i\000o\000n\000s\000h\000i\000p\000\040\000M\000o\000d\000e\000l}{section.4}% 16
\BOOKMARK [2][-]{subsection.4.5}{\376\377\000R\000e\000l\000e\000a\000s\000e\000\040\000B\000a\000s\000e\000l\000i\000n\000e\000s}{section.4}% 17
\BOOKMARK [1][-]{section.5}{\376\377\000G\000o\000v\000e\000r\000n\000a\000n\000c\000e\000\040\000S\000e\000m\000a\000n\000t\000i\000c\000s}{}% 18
\BOOKMARK [2][-]{subsection.5.1}{\376\377\000G\000o\000v\000e\000r\000n\000a\000n\000c\000e\000\040\000L\000i\000f\000e\000c\000y\000c\000l\000e}{section.5}% 19
\BOOKMARK [2][-]{subsection.5.2}{\376\377\000G\000o\000v\000e\000r\000n\000a\000n\000c\000e\000\040\000S\000t\000a\000t\000e\000\040\000S\000p\000a\000c\000e\000s}{section.5}% 20
\BOOKMARK [2][-]{subsection.5.3}{\376\377\000P\000r\000o\000p\000a\000g\000a\000t\000i\000o\000n\000\040\000P\000o\000l\000i\000c\000i\000e\000s}{section.5}% 21
\BOOKMARK [2][-]{subsection.5.4}{\376\377\000G\000o\000v\000e\000r\000n\000a\000n\000c\000e\000\040\000E\000v\000a\000l\000u\000a\000t\000i\000o\000n\000\040\000F\000u\000n\000c\000t\000i\000o\000n\000s}{section.5}% 22
\BOOKMARK [3][-]{subsubsection.5.4.1}{\376\377\000Q\000u\000a\000l\000i\000t\000y\000\040\000E\000v\000a\000l\000u\000a\000t\000i\000o\000n}{subsection.5.4}% 23
\BOOKMARK [3][-]{subsubsection.5.4.2}{\376\377\000A\000s\000s\000u\000r\000a\000n\000c\000e\000\040\000E\000v\000a\000l\000u\000a\000t\000i\000o\000n}{subsection.5.4}% 24
\BOOKMARK [3][-]{subsubsection.5.4.3}{\376\377\000E\000l\000i\000g\000i\000b\000i\000l\000i\000t\000y\000\040\000E\000v\000a\000l\000u\000a\000t\000i\000o\000n}{subsection.5.4}% 25
\BOOKMARK [2][-]{subsection.5.5}{\376\377\000P\000r\000o\000p\000a\000g\000a\000t\000i\000o\000n\000\040\000S\000e\000m\000a\000n\000t\000i\000c\000s}{section.5}% 26
\BOOKMARK [3][-]{subsubsection.5.5.1}{\376\377\000U\000n\000i\000f\000i\000e\000d\000\040\000G\000o\000v\000e\000r\000n\000a\000n\000c\000e\000\040\000S\000t\000a\000t\000e\000\040\000D\000i\000a\000g\000r\000a\000m}{subsection.5.5}% 27
\BOOKMARK [3][-]{subsubsection.5.5.2}{\376\377\000T\000r\000a\000n\000s\000i\000t\000i\000o\000n\000\040\000P\000r\000o\000p\000e\000r\000t\000i\000e\000s}{subsection.5.5}% 28
\BOOKMARK [3][-]{subsubsection.5.5.3}{\376\377\000I\000l\000l\000u\000s\000t\000r\000a\000t\000i\000v\000e\000\040\000E\000x\000a\000m\000p\000l\000e}{subsection.5.5}% 29
\BOOKMARK [3][-]{subsubsection.5.5.4}{\376\377\000I\000l\000l\000u\000s\000t\000r\000a\000t\000i\000v\000e\000\040\000E\000x\000a\000m\000p\000l\000e}{subsection.5.5}% 30
\BOOKMARK [2][-]{subsection.5.6}{\376\377\000R\000u\000n\000t\000i\000m\000e\000\040\000S\000e\000m\000a\000n\000t\000i\000c\000s}{section.5}% 31
\BOOKMARK [2][-]{subsection.5.7}{\376\377\000F\000o\000r\000m\000a\000l\000\040\000P\000r\000o\000p\000e\000r\000t\000i\000e\000s}{section.5}% 32
\BOOKMARK [1][-]{section.6}{\376\377\000O\000p\000e\000r\000a\000t\000i\000o\000n\000a\000l\000i\000z\000a\000t\000i\000o\000n}{}% 33
\BOOKMARK [2][-]{subsection.6.1}{\376\377\000R\000e\000f\000e\000r\000e\000n\000c\000e\000\040\000A\000r\000c\000h\000i\000t\000e\000c\000t\000u\000r\000e}{section.6}% 34
\BOOKMARK [2][-]{subsection.6.2}{\376\377\000P\000r\000o\000j\000e\000c\000t\000i\000o\000n\000\040\000P\000i\000p\000e\000l\000i\000n\000e}{section.6}% 35
\BOOKMARK [3][-]{subsubsection.6.2.1}{\376\377\000F\000r\000a\000m\000e\000w\000o\000r\000k\000-\000s\000p\000e\000c\000i\000f\000i\000c\000\040\000I\000n\000s\000t\000a\000n\000t\000i\000a\000t\000i\000o\000n\000s}{subsection.6.2}% 36
\BOOKMARK [2][-]{subsection.6.3}{\376\377\000F\000r\000a\000m\000e\000w\000o\000r\000k\000\040\000A\000d\000a\000p\000t\000e\000r\000s}{section.6}% 37
\BOOKMARK [2][-]{subsection.6.4}{\376\377\000G\000o\000v\000e\000r\000n\000a\000n\000c\000e\000\040\000A\000l\000g\000o\000r\000i\000t\000h\000m\000s}{section.6}% 38
\BOOKMARK [2][-]{subsection.6.5}{\376\377\000R\000e\000f\000e\000r\000e\000n\000c\000e\000\040\000I\000m\000p\000l\000e\000m\000e\000n\000t\000a\000t\000i\000o\000n}{section.6}% 39
\BOOKMARK [1][-]{section.7}{\376\377\000E\000v\000a\000l\000u\000a\000t\000i\000o\000n}{}% 40
\BOOKMARK [2][-]{subsection.7.1}{\376\377\000R\000e\000s\000e\000a\000r\000c\000h\000\040\000Q\000u\000e\000s\000t\000i\000o\000n\000s}{section.7}% 41
\BOOKMARK [2][-]{subsection.7.2}{\376\377\000E\000x\000p\000e\000r\000i\000m\000e\000n\000t\000a\000l\000\040\000D\000e\000s\000i\000g\000n}{section.7}% 42
\BOOKMARK [3][-]{subsubsection.7.2.1}{\376\377\000C\000a\000m\000p\000a\000i\000g\000n\000\040\000A\000\040\040\023\000\040\000R\000e\000f\000e\000r\000e\000n\000c\000e\000\040\000M\000o\000d\000e\000l\000\040\000V\000a\000l\000i\000d\000a\000t\000i\000o\000n}{subsection.7.2}% 43
\BOOKMARK [3][-]{subsubsection.7.2.2}{\376\377\000C\000a\000m\000p\000a\000i\000g\000n\000\040\000B\000\040\040\023\000\040\000Q\000u\000a\000n\000t\000i\000t\000a\000t\000i\000v\000e\000\040\000I\000m\000p\000a\000c\000t\000\040\000E\000v\000a\000l\000u\000a\000t\000i\000o\000n}{subsection.7.2}% 44
\BOOKMARK [2][-]{subsection.7.3}{\376\377\000V\000a\000l\000i\000d\000a\000t\000i\000o\000n\000\040\000o\000f\000\040\000t\000h\000e\000\040\000R\000e\000f\000e\000r\000e\000n\000c\000e\000\040\000M\000o\000d\000e\000l}{section.7}% 45
\BOOKMARK [2][-]{subsection.7.4}{\376\377\000C\000r\000o\000s\000s\000-\000f\000r\000a\000m\000e\000w\000o\000r\000k\000\040\000S\000e\000m\000a\000n\000t\000i\000c\000\040\000P\000r\000o\000j\000e\000c\000t\000i\000o\000n}{section.7}% 46
\BOOKMARK [2][-]{subsection.7.5}{\376\377\000R\000e\000s\000e\000a\000r\000c\000h\000\040\000Q\000u\000e\000s\000t\000i\000o\000n\000s}{section.7}% 47
\BOOKMARK [2][-]{subsection.7.6}{\376\377\000V\000a\000l\000i\000d\000a\000t\000i\000o\000n\000\040\000o\000f\000\040\000t\000h\000e\000\040\000R\000e\000f\000e\000r\000e\000n\000c\000e\000\040\000M\000o\000d\000e\000l}{section.7}% 48
\BOOKMARK [2][-]{subsection.7.7}{\376\377\000C\000r\000o\000s\000s\000-\000f\000r\000a\000m\000e\000w\000o\000r\000k\000\040\000S\000e\000m\000a\000n\000t\000i\000c\000\040\000P\000r\000o\000j\000e\000c\000t\000i\000o\000n}{section.7}% 49
\BOOKMARK [2][-]{subsection.7.8}{\376\377\000Q\000u\000a\000n\000t\000i\000t\000a\000t\000i\000v\000e\000\040\000I\000m\000p\000a\000c\000t\000\040\000E\000v\000a\000l\000u\000a\000t\000i\000o\000n}{section.7}% 50
\BOOKMARK [2][-]{subsection.7.9}{\376\377\000Q\000u\000a\000n\000t\000i\000t\000a\000t\000i\000v\000e\000\040\000I\000m\000p\000a\000c\000t\000\040\000E\000v\000a\000l\000u\000a\000t\000i\000o\000n}{section.7}% 51
\BOOKMARK [2][-]{subsection.7.10}{\376\377\000R\000e\000p\000r\000o\000d\000u\000c\000i\000b\000i\000l\000i\000t\000y}{section.7}% 52
\BOOKMARK [2][-]{subsection.7.11}{\376\377\000S\000u\000m\000m\000a\000r\000y\000\040\000w\000i\000t\000h\000\040\000R\000e\000s\000p\000e\000c\000t\000\040\000t\000o\000\040\000t\000h\000e\000\040\000R\000e\000s\000e\000a\000r\000c\000h\000\040\000Q\000u\000e\000s\000t\000i\000o\000n\000s}{section.7}% 53
\BOOKMARK [1][-]{section.8}{\376\377\000D\000i\000s\000c\000u\000s\000s\000i\000o\000n}{}% 54
\BOOKMARK [2][-]{subsection.8.1}{\376\377\000P\000o\000s\000i\000t\000i\000o\000n\000i\000n\000g\000\040\000w\000i\000t\000h\000\040\000R\000e\000s\000p\000e\000c\000t\000\040\000t\000o\000\040\000E\000x\000i\000s\000t\000i\000n\000g\000\040\000A\000g\000e\000n\000t\000i\000c\000\040\000F\000r\000a\000m\000e\000w\000o\000r\000k\000s}{section.8}% 55
\BOOKMARK [2][-]{subsection.8.2}{\376\377\000C\000o\000n\000t\000r\000i\000b\000u\000t\000i\000o\000n\000s\000\040\000t\000o\000\040\000A\000g\000e\000n\000t\000i\000c\000\040\000C\000o\000n\000f\000i\000g\000u\000r\000a\000t\000i\000o\000n\000\040\000G\000o\000v\000e\000r\000n\000a\000n\000c\000e}{section.8}% 56
\BOOKMARK [3][-]{subsubsection.8.2.1}{\376\377\000A\000\040\000F\000r\000a\000m\000e\000w\000o\000r\000k\000-\000I\000n\000d\000e\000p\000e\000n\000d\000e\000n\000t\000\040\000G\000o\000v\000e\000r\000n\000a\000n\000c\000e\000\040\000R\000e\000p\000r\000e\000s\000e\000n\000t\000a\000t\000i\000o\000n}{subsection.8.2}% 57
\BOOKMARK [3][-]{subsubsection.8.2.2}{\376\377\000F\000o\000r\000m\000a\000l\000\040\000G\000o\000v\000e\000r\000n\000a\000n\000c\000e\000\040\000S\000e\000m\000a\000n\000t\000i\000c\000s}{subsection.8.2}% 58
\BOOKMARK [3][-]{subsubsection.8.2.3}{\376\377\000F\000r\000a\000m\000e\000w\000o\000r\000k\000-\000I\000n\000d\000e\000p\000e\000n\000d\000e\000n\000t\000\040\000S\000e\000m\000a\000n\000t\000i\000c\000\040\000P\000r\000o\000j\000e\000c\000t\000i\000o\000n}{subsection.8.2}% 59
\BOOKMARK [3][-]{subsubsection.8.2.4}{\376\377\000R\000e\000f\000e\000r\000e\000n\000c\000e\000\040\000O\000p\000e\000r\000a\000t\000i\000o\000n\000a\000l\000i\000z\000a\000t\000i\000o\000n\000\040\000a\000n\000d\000\040\000E\000v\000a\000l\000u\000a\000t\000i\000o\000n}{subsection.8.2}% 60
\BOOKMARK [2][-]{subsection.8.3}{\376\377\000P\000r\000a\000c\000t\000i\000c\000a\000l\000\040\000I\000m\000p\000l\000i\000c\000a\000t\000i\000o\000n\000s}{section.8}% 61
\BOOKMARK [2][-]{subsection.8.4}{\376\377\000L\000i\000m\000i\000t\000a\000t\000i\000o\000n\000s\000\040\000o\000f\000\040\000t\000h\000e\000\040\000C\000u\000r\000r\000e\000n\000t\000\040\000R\000e\000f\000e\000r\000e\000n\000c\000e\000\040\000M\000o\000d\000e\000l}{section.8}% 62
\BOOKMARK [2][-]{subsection.8.5}{\376\377\000S\000e\000c\000t\000i\000o\000n\000\040\000S\000u\000m\000m\000a\000r\000y}{section.8}% 63
\BOOKMARK [1][-]{section.9}{\376\377\000T\000h\000r\000e\000a\000t\000s\000\040\000t\000o\000\040\000V\000a\000l\000i\000d\000i\000t\000y}{}% 64
\BOOKMARK [2][-]{subsection.9.1}{\376\377\000V\000a\000l\000i\000d\000i\000t\000y\000\040\000o\000f\000\040\000t\000h\000e\000\040\000R\000e\000f\000e\000r\000e\000n\000c\000e\000\040\000M\000o\000d\000e\000l}{section.9}% 65
\BOOKMARK [2][-]{subsection.9.2}{\376\377\000V\000a\000l\000i\000d\000i\000t\000y\000\040\000o\000f\000\040\000t\000h\000e\000\040\000F\000o\000r\000m\000a\000l\000\040\000S\000e\000m\000a\000n\000t\000i\000c\000s}{section.9}% 66
\BOOKMARK [2][-]{subsection.9.3}{\376\377\000G\000e\000n\000e\000r\000a\000l\000i\000z\000a\000b\000i\000l\000i\000t\000y}{section.9}% 67
\BOOKMARK [2][-]{subsection.9.4}{\376\377\000R\000e\000p\000r\000o\000d\000u\000c\000i\000b\000i\000l\000i\000t\000y\000\040\000a\000n\000d\000\040\000R\000e\000p\000l\000i\000c\000a\000b\000i\000l\000i\000t\000y}{section.9}% 68
\BOOKMARK [2][-]{subsection.9.5}{\376\377\000M\000i\000t\000i\000g\000a\000t\000i\000o\000n\000\040\000S\000t\000r\000a\000t\000e\000g\000i\000e\000s}{section.9}% 69
\BOOKMARK [2][-]{subsection.9.6}{\376\377\000S\000e\000c\000t\000i\000o\000n\000\040\000S\000u\000m\000m\000a\000r\000y}{section.9}% 70
\BOOKMARK [1][-]{section.10}{\376\377\000F\000u\000t\000u\000r\000e\000\040\000W\000o\000r\000k}{}% 71
\BOOKMARK [2][-]{subsection.10.1}{\376\377\000E\000x\000t\000e\000n\000s\000i\000o\000n\000\040\000o\000f\000\040\000t\000h\000e\000\040\000R\000e\000f\000e\000r\000e\000n\000c\000e\000\040\000M\000o\000d\000e\000l}{section.10}% 72
\BOOKMARK [2][-]{subsection.10.2}{\376\377\000B\000r\000o\000a\000d\000e\000r\000\040\000F\000r\000a\000m\000e\000w\000o\000r\000k\000\040\000V\000a\000l\000i\000d\000a\000t\000i\000o\000n}{section.10}% 73
\BOOKMARK [2][-]{subsection.10.3}{\376\377\000F\000o\000r\000m\000a\000l\000\040\000V\000e\000r\000i\000f\000i\000c\000a\000t\000i\000o\000n\000\040\000o\000f\000\040\000G\000o\000v\000e\000r\000n\000a\000n\000c\000e\000\040\000S\000e\000m\000a\000n\000t\000i\000c\000s}{section.10}% 74
\BOOKMARK [2][-]{subsection.10.4}{\376\377\000T\000o\000w\000a\000r\000d\000\040\000a\000n\000\040\000A\000g\000e\000n\000t\000i\000c\000\040\000C\000o\000n\000f\000i\000g\000u\000r\000a\000t\000i\000o\000n\000\040\000E\000c\000o\000s\000y\000s\000t\000e\000m}{section.10}% 75
\BOOKMARK [2][-]{subsection.10.5}{\376\377\000S\000t\000a\000n\000d\000a\000r\000d\000i\000z\000a\000t\000i\000o\000n\000\040\000P\000e\000r\000s\000p\000e\000c\000t\000i\000v\000e\000s}{section.10}% 76
\BOOKMARK [1][-]{section.11}{\376\377\000C\000o\000n\000c\000l\000u\000s\000i\000o\000n}{}% 77
\BOOKMARK [1][-]{appendix.a.A}{\376\377\000R\000e\000l\000a\000t\000e\000d\000\040\000W\000o\000r\000k}{}% 78
\BOOKMARK [2][-]{subsubsection.a.A.0.1}{\376\377\000F\000r\000a\000m\000e\000w\000o\000r\000k\000\040\000C\000o\000m\000p\000a\000r\000i\000s\000o\000n}{appendix.a.A}% 79
\BOOKMARK [2][-]{subsection.a.A.1}{\376\377\000G\000a\000p\000\040\000A\000n\000a\000l\000y\000s\000i\000s}{appendix.a.A}% 80
\BOOKMARK [1][-]{appendix.a.B}{\376\377\000F\000o\000r\000m\000a\000l\000\040\000F\000o\000u\000n\000d\000a\000t\000i\000o\000n\000s}{}% 81
\BOOKMARK [2][-]{subsection.a.B.1}{\376\377\000C\000o\000n\000f\000i\000g\000u\000r\000a\000t\000i\000o\000n\000\040\000G\000r\000a\000p\000h}{appendix.a.B}% 82
\BOOKMARK [2][-]{subsection.a.B.2}{\376\377\000G\000o\000v\000e\000r\000n\000a\000n\000c\000e\000\040\000D\000e\000s\000c\000r\000i\000p\000t\000o\000r}{appendix.a.B}% 83
\BOOKMARK [2][-]{subsection.a.B.3}{\376\377\000N\000o\000t\000a\000t\000i\000o\000n}{appendix.a.B}% 84
\BOOKMARK [1][-]{appendix.a.C}{\376\377\000G\000o\000v\000e\000r\000n\000a\000n\000c\000e\000\040\000S\000t\000a\000t\000e\000\040\000S\000p\000a\000c\000e\000s}{}% 85
\BOOKMARK [2][-]{subsection.a.C.1}{\376\377\000L\000i\000f\000e\000c\000y\000c\000l\000e}{appendix.a.C}% 86
\BOOKMARK [2][-]{subsection.a.C.2}{\376\377\000Q\000u\000a\000l\000i\000t\000y}{appendix.a.C}% 87
\BOOKMARK [2][-]{subsection.a.C.3}{\376\377\000A\000s\000s\000u\000r\000a\000n\000c\000e}{appendix.a.C}% 88
\BOOKMARK [2][-]{subsection.a.C.4}{\376\377\000I\000m\000p\000a\000c\000t}{appendix.a.C}% 89
\BOOKMARK [2][-]{subsection.a.C.5}{\376\377\000E\000l\000i\000g\000i\000b\000i\000l\000i\000t\000y}{appendix.a.C}% 90
\BOOKMARK [2][-]{subsection.a.C.6}{\376\377\000R\000u\000n\000t\000i\000m\000e}{appendix.a.C}% 91
\BOOKMARK [1][-]{appendix.a.D}{\376\377\000P\000r\000o\000p\000a\000g\000a\000t\000i\000o\000n\000\040\000P\000o\000l\000i\000c\000i\000e\000s}{}% 92
\BOOKMARK [2][-]{subsection.a.D.1}{\376\377\000P\000o\000l\000i\000c\000y\000\040\000S\000p\000a\000c\000e}{appendix.a.D}% 93
\BOOKMARK [2][-]{subsection.a.D.2}{\376\377\000P\000o\000l\000i\000c\000y\000\040\000P\000r\000e\000c\000e\000d\000e\000n\000c\000e}{appendix.a.D}% 94
\BOOKMARK [2][-]{subsection.a.D.3}{\376\377\000P\000o\000l\000i\000c\000y\000\040\000C\000o\000m\000p\000o\000s\000i\000t\000i\000o\000n}{appendix.a.D}% 95
\BOOKMARK [1][-]{appendix.a.E}{\376\377\000F\000o\000r\000m\000a\000l\000\040\000E\000v\000a\000l\000u\000a\000t\000i\000o\000n\000\040\000F\000u\000n\000c\000t\000i\000o\000n\000s}{}% 96
\BOOKMARK [2][-]{subsection.a.E.1}{\376\377\000Q\000u\000a\000l\000i\000t\000y\000\040\000E\000v\000a\000l\000u\000a\000t\000i\000o\000n}{appendix.a.E}% 97
\BOOKMARK [2][-]{subsection.a.E.2}{\376\377\000A\000s\000s\000u\000r\000a\000n\000c\000e\000\040\000E\000v\000a\000l\000u\000a\000t\000i\000o\000n}{appendix.a.E}% 98
\BOOKMARK [2][-]{subsection.a.E.3}{\376\377\000E\000l\000i\000g\000i\000b\000i\000l\000i\000t\000y\000\040\000E\000v\000a\000l\000u\000a\000t\000i\000o\000n}{appendix.a.E}% 99
\BOOKMARK [1][-]{appendix.a.F}{\376\377\000P\000r\000o\000p\000a\000g\000a\000t\000i\000o\000n\000\040\000S\000e\000m\000a\000n\000t\000i\000c\000s}{}% 100
\BOOKMARK [2][-]{subsection.a.F.1}{\376\377\000P\000r\000o\000p\000a\000g\000a\000t\000i\000o\000n\000\040\000O\000p\000e\000r\000a\000t\000o\000r}{appendix.a.F}% 101
\BOOKMARK [2][-]{subsection.a.F.2}{\376\377\000L\000e\000a\000s\000t\000\040\000F\000i\000x\000e\000d\000-\000P\000o\000i\000n\000t\000\040\000S\000e\000m\000a\000n\000t\000i\000c\000s}{appendix.a.F}% 102
\BOOKMARK [2][-]{subsection.a.F.3}{\376\377\000R\000e\000f\000e\000r\000e\000n\000c\000e\000\040\000W\000o\000r\000k\000l\000i\000s\000t\000\040\000A\000l\000g\000o\000r\000i\000t\000h\000m}{appendix.a.F}% 103
\BOOKMARK [1][-]{appendix.a.G}{\376\377\000F\000o\000r\000m\000a\000l\000\040\000P\000r\000o\000p\000e\000r\000t\000i\000e\000s\000\040\000o\000f\000\040\000t\000h\000e\000\040\000P\000r\000o\000p\000a\000g\000a\000t\000i\000o\000n\000\040\000S\000e\000m\000a\000n\000t\000i\000c\000s}{}% 104
\BOOKMARK [2][-]{subsection.a.G.1}{\376\377\000F\000o\000r\000m\000a\000l\000\040\000P\000r\000o\000p\000e\000r\000t\000i\000e\000s\000\040\000o\000f\000\040\000t\000h\000e\000\040\000P\000r\000o\000p\000a\000g\000a\000t\000i\000o\000n\000\040\000D\000o\000m\000a\000i\000n}{appendix.a.G}% 105
\BOOKMARK [2][-]{subsection.a.G.2}{\376\377\000M\000o\000n\000o\000t\000o\000n\000i\000c\000i\000t\000y\000\040\000o\000f\000\040\000L\000o\000c\000a\000l\000\040\000T\000r\000a\000n\000s\000f\000e\000r\000\040\000F\000u\000n\000c\000t\000i\000o\000n\000s}{appendix.a.G}% 106
\BOOKMARK [2][-]{subsection.a.G.3}{\376\377\000G\000l\000o\000b\000a\000l\000\040\000M\000o\000n\000o\000t\000o\000n\000i\000c\000i\000t\000y\000\040\000o\000f\000\040\000t\000h\000e\000\040\000P\000r\000o\000p\000a\000g\000a\000t\000i\000o\000n\000\040\000O\000p\000e\000r\000a\000t\000o\000r}{appendix.a.G}% 107
\BOOKMARK [2][-]{subsection.a.G.4}{\376\377\000E\000x\000i\000s\000t\000e\000n\000c\000e\000\040\000o\000f\000\040\000t\000h\000e\000\040\000L\000e\000a\000s\000t\000\040\000F\000i\000x\000e\000d\000\040\000P\000o\000i\000n\000t}{appendix.a.G}% 108
\BOOKMARK [2][-]{subsection.a.G.5}{\376\377\000C\000o\000n\000v\000e\000r\000g\000e\000n\000c\000e\000\040\000b\000y\000\040\000I\000n\000c\000r\000e\000a\000s\000i\000n\000g\000\040\000I\000t\000e\000r\000a\000t\000i\000o\000n}{appendix.a.G}% 109
\BOOKMARK [2][-]{subsection.a.G.6}{\376\377\000C\000o\000r\000r\000e\000c\000t\000n\000e\000s\000s\000\040\000o\000f\000\040\000t\000h\000e\000\040\000R\000e\000f\000e\000r\000e\000n\000c\000e\000\040\000W\000o\000r\000k\000l\000i\000s\000t\000\040\000A\000l\000g\000o\000r\000i\000t\000h\000m}{appendix.a.G}% 110
\BOOKMARK [2][-]{subsection.a.G.7}{\376\377\000T\000e\000r\000m\000i\000n\000a\000t\000i\000o\000n\000\040\000a\000n\000d\000\040\000C\000o\000m\000p\000l\000e\000x\000i\000t\000y}{appendix.a.G}% 111
\BOOKMARK [1][-]{appendix.a.H}{\376\377\000R\000u\000n\000t\000i\000m\000e\000\040\000S\000e\000m\000a\000n\000t\000i\000c\000s}{}% 112
\BOOKMARK [2][-]{subsection.a.H.1}{\376\377\000R\000u\000n\000t\000i\000m\000e\000\040\000E\000v\000e\000n\000t\000\040\000M\000o\000d\000e\000l}{appendix.a.H}% 113
\BOOKMARK [2][-]{subsection.a.H.2}{\376\377\000R\000e\000p\000l\000a\000y\000\040\000F\000u\000n\000c\000t\000i\000o\000n}{appendix.a.H}% 114
\BOOKMARK [2][-]{subsection.a.H.3}{\376\377\000I\000n\000c\000r\000e\000m\000e\000n\000t\000a\000l\000\040\000R\000u\000n\000t\000i\000m\000e\000\040\000R\000e\000c\000o\000n\000s\000t\000r\000u\000c\000t\000i\000o\000n}{appendix.a.H}% 115
\BOOKMARK [2][-]{subsection.a.H.4}{\376\377\000P\000r\000o\000v\000e\000n\000a\000n\000c\000e\000\040\000P\000r\000e\000s\000e\000r\000v\000a\000t\000i\000o\000n}{appendix.a.H}% 116
\BOOKMARK [2][-]{subsection.a.H.5}{\376\377\000D\000e\000t\000e\000r\000m\000i\000n\000i\000s\000m\000\040\000o\000f\000\040\000R\000u\000n\000t\000i\000m\000e\000\040\000R\000e\000p\000l\000a\000y}{appendix.a.H}% 117
\BOOKMARK [2][-]{subsection.a.H.6}{\376\377\000R\000e\000c\000o\000n\000s\000t\000r\000u\000c\000t\000i\000o\000n\000\040\000P\000r\000o\000p\000e\000r\000t\000i\000e\000s}{appendix.a.H}% 118
\BOOKMARK [1][-]{appendix.a.I}{\376\377\000F\000o\000r\000m\000a\000l\000\040\000P\000r\000o\000p\000e\000r\000t\000i\000e\000s}{}% 119
\BOOKMARK [2][-]{subsection.a.I.1}{\376\377\000R\000e\000p\000r\000o\000d\000u\000c\000i\000b\000i\000l\000i\000t\000y\000\040\000o\000f\000\040\000G\000o\000v\000e\000r\000n\000a\000n\000c\000e\000\040\000E\000v\000a\000l\000u\000a\000t\000i\000o\000n}{appendix.a.I}% 120
\BOOKMARK [2][-]{subsection.a.I.2}{\376\377\000F\000r\000a\000m\000e\000w\000o\000r\000k\000-\000I\000n\000d\000e\000p\000e\000n\000d\000e\000n\000t\000\040\000C\000o\000n\000s\000i\000s\000t\000e\000n\000c\000y}{appendix.a.I}% 121
\BOOKMARK [2][-]{subsection.a.I.3}{\376\377\000D\000e\000t\000e\000r\000m\000i\000n\000i\000s\000m\000\040\000o\000f\000\040\000t\000h\000e\000\040\000C\000o\000m\000p\000l\000e\000t\000e\000\040\000G\000o\000v\000e\000r\000n\000a\000n\000c\000e\000\040\000S\000e\000m\000a\000n\000t\000i\000c\000s}{appendix.a.I}% 122
\BOOKMARK [2][-]{subsection.a.I.4}{\376\377\000C\000o\000m\000p\000l\000e\000x\000i\000t\000y\000\040\000A\000n\000a\000l\000y\000s\000i\000s}{appendix.a.I}% 123
\BOOKMARK [2][-]{subsection.a.I.5}{\376\377\000H\000e\000i\000g\000h\000t\000\040\000o\000f\000\040\000t\000h\000e\000\040\000P\000r\000o\000d\000u\000c\000t\000\040\000L\000a\000t\000t\000i\000c\000e}{appendix.a.I}% 124
\BOOKMARK [1][-]{appendix.a.J}{\376\377\000O\000p\000e\000r\000a\000t\000i\000o\000n\000a\000l\000i\000z\000a\000t\000i\000o\000n\000:\000\040\000P\000r\000o\000j\000e\000c\000t\000i\000o\000n\000\040\000F\000o\000r\000m\000a\000l\000i\000s\000m}{}% 125
\BOOKMARK [2][-]{subsection.a.J.1}{\376\377\000N\000a\000t\000i\000v\000e\000\040\000S\000t\000r\000u\000c\000t\000u\000r\000e\000\040\000E\000x\000t\000r\000a\000c\000t\000i\000o\000n}{appendix.a.J}% 126
\BOOKMARK [2][-]{subsection.a.J.2}{\376\377\000S\000e\000m\000a\000n\000t\000i\000c\000\040\000C\000l\000a\000s\000s\000i\000f\000i\000c\000a\000t\000i\000o\000n}{appendix.a.J}% 127
\BOOKMARK [2][-]{subsection.a.J.3}{\376\377\000C\000a\000n\000o\000n\000i\000c\000a\000l\000\040\000N\000o\000r\000m\000a\000l\000i\000z\000a\000t\000i\000o\000n}{appendix.a.J}% 128
\BOOKMARK [2][-]{subsection.a.J.4}{\376\377\000P\000r\000o\000j\000e\000c\000t\000i\000o\000n\000\040\000T\000r\000a\000c\000e\000a\000b\000i\000l\000i\000t\000y}{appendix.a.J}% 129
\BOOKMARK [3][-]{subsubsection.a.J.4.1}{\376\377\000P\000r\000o\000j\000e\000c\000t\000i\000o\000n\000\040\000C\000o\000v\000e\000r\000a\000g\000e}{subsection.a.J.4}% 130
\BOOKMARK [3][-]{subsubsection.a.J.4.2}{\376\377\000P\000r\000o\000j\000e\000c\000t\000i\000o\000n\000\040\000O\000u\000t\000c\000o\000m\000e\000s}{subsection.a.J.4}% 131
\BOOKMARK [3][-]{subsubsection.a.J.4.3}{\376\377\000P\000r\000o\000j\000e\000c\000t\000i\000o\000n\000\040\000V\000a\000l\000i\000d\000a\000t\000i\000o\000n}{subsection.a.J.4}% 132
