\BOOKMARK [1][-]{section.1}{\376\377\000G\000o\000v\000e\000r\000n\000a\000n\000c\000e\000\040\000S\000e\000m\000a\000n\000t\000i\000c\000s}{}% 1
\BOOKMARK [2][-]{subsection.1.1}{\376\377\000G\000o\000v\000e\000r\000n\000a\000n\000c\000e\000\040\000L\000i\000f\000e\000c\000y\000c\000l\000e}{section.1}% 2
\BOOKMARK [2][-]{subsection.1.2}{\376\377\000G\000o\000v\000e\000r\000n\000a\000n\000c\000e\000\040\000S\000t\000a\000t\000e\000\040\000S\000p\000a\000c\000e\000s}{section.1}% 3
\BOOKMARK [2][-]{subsection.1.3}{\376\377\000P\000r\000o\000p\000a\000g\000a\000t\000i\000o\000n\000\040\000P\000o\000l\000i\000c\000i\000e\000s}{section.1}% 4
\BOOKMARK [2][-]{subsection.1.4}{\376\377\000G\000o\000v\000e\000r\000n\000a\000n\000c\000e\000\040\000E\000v\000a\000l\000u\000a\000t\000i\000o\000n\000\040\000F\000u\000n\000c\000t\000i\000o\000n\000s}{section.1}% 5
\BOOKMARK [3][-]{subsubsection.1.4.1}{\376\377\000Q\000u\000a\000l\000i\000t\000y\000\040\000E\000v\000a\000l\000u\000a\000t\000i\000o\000n}{subsection.1.4}% 6
\BOOKMARK [3][-]{subsubsection.1.4.2}{\376\377\000A\000s\000s\000u\000r\000a\000n\000c\000e\000\040\000E\000v\000a\000l\000u\000a\000t\000i\000o\000n}{subsection.1.4}% 7
\BOOKMARK [3][-]{subsubsection.1.4.3}{\376\377\000E\000l\000i\000g\000i\000b\000i\000l\000i\000t\000y\000\040\000E\000v\000a\000l\000u\000a\000t\000i\000o\000n}{subsection.1.4}% 8
\BOOKMARK [2][-]{subsection.1.5}{\376\377\000P\000r\000o\000p\000a\000g\000a\000t\000i\000o\000n\000\040\000S\000e\000m\000a\000n\000t\000i\000c\000s}{section.1}% 9
\BOOKMARK [3][-]{subsubsection.1.5.1}{\376\377\000U\000n\000i\000f\000i\000e\000d\000\040\000G\000o\000v\000e\000r\000n\000a\000n\000c\000e\000\040\000S\000t\000a\000t\000e\000\040\000D\000i\000a\000g\000r\000a\000m}{subsection.1.5}% 10
\BOOKMARK [3][-]{subsubsection.1.5.2}{\376\377\000T\000r\000a\000n\000s\000i\000t\000i\000o\000n\000\040\000P\000r\000o\000p\000e\000r\000t\000i\000e\000s}{subsection.1.5}% 11
\BOOKMARK [3][-]{subsubsection.1.5.3}{\376\377\000I\000l\000l\000u\000s\000t\000r\000a\000t\000i\000v\000e\000\040\000E\000x\000a\000m\000p\000l\000e}{subsection.1.5}% 12
\BOOKMARK [3][-]{subsubsection.1.5.4}{\376\377\000I\000l\000l\000u\000s\000t\000r\000a\000t\000i\000v\000e\000\040\000E\000x\000a\000m\000p\000l\000e}{subsection.1.5}% 13
\BOOKMARK [2][-]{subsection.1.6}{\376\377\000R\000u\000n\000t\000i\000m\000e\000\040\000S\000e\000m\000a\000n\000t\000i\000c\000s}{section.1}% 14
\BOOKMARK [2][-]{subsection.1.7}{\376\377\000F\000o\000r\000m\000a\000l\000\040\000P\000r\000o\000p\000e\000r\000t\000i\000e\000s}{section.1}% 15
\BOOKMARK [1][-]{appendix.a.A}{\376\377\000F\000o\000r\000m\000a\000l\000\040\000F\000o\000u\000n\000d\000a\000t\000i\000o\000n\000s}{}% 16
\BOOKMARK [2][-]{subsection.a.A.1}{\376\377\000C\000o\000n\000f\000i\000g\000u\000r\000a\000t\000i\000o\000n\000\040\000G\000r\000a\000p\000h}{appendix.a.A}% 17
\BOOKMARK [2][-]{subsection.a.A.2}{\376\377\000G\000o\000v\000e\000r\000n\000a\000n\000c\000e\000\040\000D\000e\000s\000c\000r\000i\000p\000t\000o\000r}{appendix.a.A}% 18
\BOOKMARK [2][-]{subsection.a.A.3}{\376\377\000N\000o\000t\000a\000t\000i\000o\000n}{appendix.a.A}% 19
\BOOKMARK [1][-]{appendix.a.B}{\376\377\000G\000o\000v\000e\000r\000n\000a\000n\000c\000e\000\040\000S\000t\000a\000t\000e\000\040\000S\000p\000a\000c\000e\000s}{}% 20
\BOOKMARK [2][-]{subsection.a.B.1}{\376\377\000L\000i\000f\000e\000c\000y\000c\000l\000e}{appendix.a.B}% 21
\BOOKMARK [2][-]{subsection.a.B.2}{\376\377\000Q\000u\000a\000l\000i\000t\000y}{appendix.a.B}% 22
\BOOKMARK [2][-]{subsection.a.B.3}{\376\377\000A\000s\000s\000u\000r\000a\000n\000c\000e}{appendix.a.B}% 23
\BOOKMARK [2][-]{subsection.a.B.4}{\376\377\000I\000m\000p\000a\000c\000t}{appendix.a.B}% 24
\BOOKMARK [2][-]{subsection.a.B.5}{\376\377\000E\000l\000i\000g\000i\000b\000i\000l\000i\000t\000y}{appendix.a.B}% 25
\BOOKMARK [2][-]{subsection.a.B.6}{\376\377\000R\000u\000n\000t\000i\000m\000e}{appendix.a.B}% 26
\BOOKMARK [1][-]{appendix.a.C}{\376\377\000P\000r\000o\000p\000a\000g\000a\000t\000i\000o\000n\000\040\000P\000o\000l\000i\000c\000i\000e\000s}{}% 27
\BOOKMARK [2][-]{subsection.a.C.1}{\376\377\000P\000o\000l\000i\000c\000y\000\040\000S\000p\000a\000c\000e}{appendix.a.C}% 28
\BOOKMARK [2][-]{subsection.a.C.2}{\376\377\000P\000o\000l\000i\000c\000y\000\040\000P\000r\000e\000c\000e\000d\000e\000n\000c\000e}{appendix.a.C}% 29
\BOOKMARK [2][-]{subsection.a.C.3}{\376\377\000P\000o\000l\000i\000c\000y\000\040\000C\000o\000m\000p\000o\000s\000i\000t\000i\000o\000n}{appendix.a.C}% 30
\BOOKMARK [1][-]{appendix.a.D}{\376\377\000F\000o\000r\000m\000a\000l\000\040\000E\000v\000a\000l\000u\000a\000t\000i\000o\000n\000\040\000F\000u\000n\000c\000t\000i\000o\000n\000s}{}% 31
\BOOKMARK [2][-]{subsection.a.D.1}{\376\377\000Q\000u\000a\000l\000i\000t\000y\000\040\000E\000v\000a\000l\000u\000a\000t\000i\000o\000n}{appendix.a.D}% 32
\BOOKMARK [2][-]{subsection.a.D.2}{\376\377\000A\000s\000s\000u\000r\000a\000n\000c\000e\000\040\000E\000v\000a\000l\000u\000a\000t\000i\000o\000n}{appendix.a.D}% 33
\BOOKMARK [2][-]{subsection.a.D.3}{\376\377\000E\000l\000i\000g\000i\000b\000i\000l\000i\000t\000y\000\040\000E\000v\000a\000l\000u\000a\000t\000i\000o\000n}{appendix.a.D}% 34
\BOOKMARK [1][-]{appendix.a.E}{\376\377\000P\000r\000o\000p\000a\000g\000a\000t\000i\000o\000n\000\040\000S\000e\000m\000a\000n\000t\000i\000c\000s}{}% 35
\BOOKMARK [2][-]{subsection.a.E.1}{\376\377\000P\000r\000o\000p\000a\000g\000a\000t\000i\000o\000n\000\040\000O\000p\000e\000r\000a\000t\000o\000r}{appendix.a.E}% 36
\BOOKMARK [2][-]{subsection.a.E.2}{\376\377\000L\000e\000a\000s\000t\000\040\000F\000i\000x\000e\000d\000-\000P\000o\000i\000n\000t\000\040\000S\000e\000m\000a\000n\000t\000i\000c\000s}{appendix.a.E}% 37
\BOOKMARK [2][-]{subsection.a.E.3}{\376\377\000R\000e\000f\000e\000r\000e\000n\000c\000e\000\040\000W\000o\000r\000k\000l\000i\000s\000t\000\040\000A\000l\000g\000o\000r\000i\000t\000h\000m}{appendix.a.E}% 38
\BOOKMARK [1][-]{appendix.a.F}{\376\377\000F\000o\000r\000m\000a\000l\000\040\000P\000r\000o\000p\000e\000r\000t\000i\000e\000s\000\040\000o\000f\000\040\000t\000h\000e\000\040\000P\000r\000o\000p\000a\000g\000a\000t\000i\000o\000n\000\040\000S\000e\000m\000a\000n\000t\000i\000c\000s}{}% 39
\BOOKMARK [2][-]{subsection.a.F.1}{\376\377\000F\000o\000r\000m\000a\000l\000\040\000P\000r\000o\000p\000e\000r\000t\000i\000e\000s\000\040\000o\000f\000\040\000t\000h\000e\000\040\000P\000r\000o\000p\000a\000g\000a\000t\000i\000o\000n\000\040\000D\000o\000m\000a\000i\000n}{appendix.a.F}% 40
\BOOKMARK [2][-]{subsection.a.F.2}{\376\377\000M\000o\000n\000o\000t\000o\000n\000i\000c\000i\000t\000y\000\040\000o\000f\000\040\000L\000o\000c\000a\000l\000\040\000T\000r\000a\000n\000s\000f\000e\000r\000\040\000F\000u\000n\000c\000t\000i\000o\000n\000s}{appendix.a.F}% 41
\BOOKMARK [2][-]{subsection.a.F.3}{\376\377\000G\000l\000o\000b\000a\000l\000\040\000M\000o\000n\000o\000t\000o\000n\000i\000c\000i\000t\000y\000\040\000o\000f\000\040\000t\000h\000e\000\040\000P\000r\000o\000p\000a\000g\000a\000t\000i\000o\000n\000\040\000O\000p\000e\000r\000a\000t\000o\000r}{appendix.a.F}% 42
\BOOKMARK [2][-]{subsection.a.F.4}{\376\377\000E\000x\000i\000s\000t\000e\000n\000c\000e\000\040\000o\000f\000\040\000t\000h\000e\000\040\000L\000e\000a\000s\000t\000\040\000F\000i\000x\000e\000d\000\040\000P\000o\000i\000n\000t}{appendix.a.F}% 43
\BOOKMARK [2][-]{subsection.a.F.5}{\376\377\000C\000o\000n\000v\000e\000r\000g\000e\000n\000c\000e\000\040\000b\000y\000\040\000I\000n\000c\000r\000e\000a\000s\000i\000n\000g\000\040\000I\000t\000e\000r\000a\000t\000i\000o\000n}{appendix.a.F}% 44
\BOOKMARK [2][-]{subsection.a.F.6}{\376\377\000C\000o\000r\000r\000e\000c\000t\000n\000e\000s\000s\000\040\000o\000f\000\040\000t\000h\000e\000\040\000R\000e\000f\000e\000r\000e\000n\000c\000e\000\040\000W\000o\000r\000k\000l\000i\000s\000t\000\040\000A\000l\000g\000o\000r\000i\000t\000h\000m}{appendix.a.F}% 45
\BOOKMARK [2][-]{subsection.a.F.7}{\376\377\000T\000e\000r\000m\000i\000n\000a\000t\000i\000o\000n\000\040\000a\000n\000d\000\040\000C\000o\000m\000p\000l\000e\000x\000i\000t\000y}{appendix.a.F}% 46
\BOOKMARK [1][-]{appendix.a.G}{\376\377\000R\000u\000n\000t\000i\000m\000e\000\040\000S\000e\000m\000a\000n\000t\000i\000c\000s}{}% 47
\BOOKMARK [2][-]{subsection.a.G.1}{\376\377\000R\000u\000n\000t\000i\000m\000e\000\040\000E\000v\000e\000n\000t\000\040\000M\000o\000d\000e\000l}{appendix.a.G}% 48
\BOOKMARK [2][-]{subsection.a.G.2}{\376\377\000R\000e\000p\000l\000a\000y\000\040\000F\000u\000n\000c\000t\000i\000o\000n}{appendix.a.G}% 49
\BOOKMARK [2][-]{subsection.a.G.3}{\376\377\000I\000n\000c\000r\000e\000m\000e\000n\000t\000a\000l\000\040\000R\000u\000n\000t\000i\000m\000e\000\040\000R\000e\000c\000o\000n\000s\000t\000r\000u\000c\000t\000i\000o\000n}{appendix.a.G}% 50
\BOOKMARK [2][-]{subsection.a.G.4}{\376\377\000P\000r\000o\000v\000e\000n\000a\000n\000c\000e\000\040\000P\000r\000e\000s\000e\000r\000v\000a\000t\000i\000o\000n}{appendix.a.G}% 51
\BOOKMARK [2][-]{subsection.a.G.5}{\376\377\000D\000e\000t\000e\000r\000m\000i\000n\000i\000s\000m\000\040\000o\000f\000\040\000R\000u\000n\000t\000i\000m\000e\000\040\000R\000e\000p\000l\000a\000y}{appendix.a.G}% 52
\BOOKMARK [2][-]{subsection.a.G.6}{\376\377\000R\000e\000c\000o\000n\000s\000t\000r\000u\000c\000t\000i\000o\000n\000\040\000P\000r\000o\000p\000e\000r\000t\000i\000e\000s}{appendix.a.G}% 53
\BOOKMARK [1][-]{appendix.a.H}{\376\377\000F\000o\000r\000m\000a\000l\000\040\000P\000r\000o\000p\000e\000r\000t\000i\000e\000s}{}% 54
\BOOKMARK [2][-]{subsection.a.H.1}{\376\377\000R\000e\000p\000r\000o\000d\000u\000c\000i\000b\000i\000l\000i\000t\000y\000\040\000o\000f\000\040\000G\000o\000v\000e\000r\000n\000a\000n\000c\000e\000\040\000E\000v\000a\000l\000u\000a\000t\000i\000o\000n}{appendix.a.H}% 55
\BOOKMARK [2][-]{subsection.a.H.2}{\376\377\000F\000r\000a\000m\000e\000w\000o\000r\000k\000-\000I\000n\000d\000e\000p\000e\000n\000d\000e\000n\000t\000\040\000C\000o\000n\000s\000i\000s\000t\000e\000n\000c\000y}{appendix.a.H}% 56
\BOOKMARK [2][-]{subsection.a.H.3}{\376\377\000D\000e\000t\000e\000r\000m\000i\000n\000i\000s\000m\000\040\000o\000f\000\040\000t\000h\000e\000\040\000C\000o\000m\000p\000l\000e\000t\000e\000\040\000G\000o\000v\000e\000r\000n\000a\000n\000c\000e\000\040\000S\000e\000m\000a\000n\000t\000i\000c\000s}{appendix.a.H}% 57
\BOOKMARK [2][-]{subsection.a.H.4}{\376\377\000C\000o\000m\000p\000l\000e\000x\000i\000t\000y\000\040\000A\000n\000a\000l\000y\000s\000i\000s}{appendix.a.H}% 58
\BOOKMARK [2][-]{subsection.a.H.5}{\376\377\000H\000e\000i\000g\000h\000t\000\040\000o\000f\000\040\000t\000h\000e\000\040\000P\000r\000o\000d\000u\000c\000t\000\040\000L\000a\000t\000t\000i\000c\000e}{appendix.a.H}% 59
\BOOKMARK [1][-]{appendix.a.I}{\376\377\000O\000p\000e\000r\000a\000t\000i\000o\000n\000a\000l\000i\000z\000a\000t\000i\000o\000n\000:\000\040\000P\000r\000o\000j\000e\000c\000t\000i\000o\000n\000\040\000F\000o\000r\000m\000a\000l\000i\000s\000m}{}% 60
\BOOKMARK [2][-]{subsection.a.I.1}{\376\377\000N\000a\000t\000i\000v\000e\000\040\000S\000t\000r\000u\000c\000t\000u\000r\000e\000\040\000E\000x\000t\000r\000a\000c\000t\000i\000o\000n}{appendix.a.I}% 61
\BOOKMARK [2][-]{subsection.a.I.2}{\376\377\000S\000e\000m\000a\000n\000t\000i\000c\000\040\000C\000l\000a\000s\000s\000i\000f\000i\000c\000a\000t\000i\000o\000n}{appendix.a.I}% 62
\BOOKMARK [2][-]{subsection.a.I.3}{\376\377\000C\000a\000n\000o\000n\000i\000c\000a\000l\000\040\000N\000o\000r\000m\000a\000l\000i\000z\000a\000t\000i\000o\000n}{appendix.a.I}% 63
\BOOKMARK [2][-]{subsection.a.I.4}{\376\377\000P\000r\000o\000j\000e\000c\000t\000i\000o\000n\000\040\000T\000r\000a\000c\000e\000a\000b\000i\000l\000i\000t\000y}{appendix.a.I}% 64
\BOOKMARK [3][-]{subsubsection.a.I.4.1}{\376\377\000P\000r\000o\000j\000e\000c\000t\000i\000o\000n\000\040\000C\000o\000v\000e\000r\000a\000g\000e}{subsection.a.I.4}% 65
\BOOKMARK [3][-]{subsubsection.a.I.4.2}{\376\377\000P\000r\000o\000j\000e\000c\000t\000i\000o\000n\000\040\000O\000u\000t\000c\000o\000m\000e\000s}{subsection.a.I.4}% 66
\BOOKMARK [3][-]{subsubsection.a.I.4.3}{\376\377\000P\000r\000o\000j\000e\000c\000t\000i\000o\000n\000\040\000V\000a\000l\000i\000d\000a\000t\000i\000o\000n}{subsection.a.I.4}% 67
